SDK_EVAL_Com.c:113:13:SdkEvalUart_Send_Data	8	static
SDK_EVAL_Com.c:137:6:SdkEvalComUartInit	40	static
SDK_EVAL_Com.c:191:6:SdkEvalComUartIrqConfig	16	static
SDK_EVAL_Com.c:237:6:SdkEvalComIOConfig	8	static
SDK_EVAL_Com.c:251:6:SdkEvalComIOSendData	8	static
SDK_EVAL_Com.c:262:6:SdkEvalComIOReceiveData	8	static
SDK_EVAL_Com.c:213:6:SdkEvalComIOUartIrqHandler	16	static
SDK_EVAL_Com.c:272:9:SdkEvalComIOTxFifoNotEmpty	8	static
SDK_EVAL_Com.c:281:9:SdkEvalComUARTBusy	8	static
SDK_EVAL_Com.c:295:6:Read_Buffer_Push	0	static
SDK_EVAL_Com.c:313:13:Read_Buffer_Pop	8	static
SDK_EVAL_Com.c:334:6:SdkEvalComIOProcessInputData	16	static
stdio.h:220:5:putchar	8	static
SDK_EVAL_Com.c:442:5:_write	16	static
SDK_EVAL_Com.c:451:5:_read	24	static
SDK_EVAL_Com.c:461:9:__io_getcharNonBlocking	8	static
SDK_EVAL_Com.c:473:6:__aeabi_memcpy	8	static
SDK_EVAL_Com.c:478:6:__aeabi_memcpy4	8	static
SDK_EVAL_Com.c:488:6:__aeabi_memclr4	8	static
SDK_EVAL_Com.c:483:6:__aeabi_memclr	8	static
SDK_EVAL_Com.c:493:6:__aeabi_memset	8	static
