Archive member included to satisfy reference by file (symbol)

..\..\..\..\..\..\Library\Bluetooth_LE\library\libbluenrg1_stack.a(bluenrg_gap_aci.o)
                              User\chat.o (aci_gap_init)
..\..\..\..\..\..\Library\Bluetooth_LE\library\libbluenrg1_stack.a(bluenrg_gatt_aci.o)
                              User\gatt_db.o (aci_gatt_add_char)
..\..\..\..\..\..\Library\Bluetooth_LE\library\libbluenrg1_stack.a(bluenrg_hal_aci.o)
                              User\chat.o (aci_hal_set_tx_power_level)
..\..\..\..\..\..\Library\Bluetooth_LE\library\libbluenrg1_stack.a(bluenrg_main_func.o)
                              User\BLE_Chat_main.o (BTLE_StackTick)
..\..\..\..\..\..\Library\Bluetooth_LE\library\libbluenrg1_stack.a(gap.o)
                              ..\..\..\..\..\..\Library\Bluetooth_LE\library\libbluenrg1_stack.a(bluenrg_gap_aci.o) (GAP_Create_Connection)
..\..\..\..\..\..\Library\Bluetooth_LE\library\libbluenrg1_stack.a(gatt_client.o)
                              ..\..\..\..\..\..\Library\Bluetooth_LE\library\libbluenrg1_stack.a(bluenrg_gatt_aci.o) (Gatt_Confirm_Indication)
..\..\..\..\..\..\Library\Bluetooth_LE\library\libbluenrg1_stack.a(gatt_server.o)
                              ..\..\..\..\..\..\Library\Bluetooth_LE\library\libbluenrg1_stack.a(bluenrg_gatt_aci.o) (Gatt_Add_Charac_Desc)
..\..\..\..\..\..\Library\Bluetooth_LE\library\libbluenrg1_stack.a(hal.o)
                              ..\..\..\..\..\..\Library\Bluetooth_LE\library\libbluenrg1_stack.a(bluenrg_main_func.o) (HAL_Init)
..\..\..\..\..\..\Library\Bluetooth_LE\library\libbluenrg1_stack.a(hci.o)
                              ..\..\..\..\..\..\Library\Bluetooth_LE\library\libbluenrg1_stack.a(bluenrg_main_func.o) (Controller_Process_Q)
..\..\..\..\..\..\Library\Bluetooth_LE\library\libbluenrg1_stack.a(host_timer.o)
                              ..\..\..\..\..\..\Library\Bluetooth_LE\library\libbluenrg1_stack.a(bluenrg_main_func.o) (Timer_Init)
..\..\..\..\..\..\Library\Bluetooth_LE\library\libbluenrg1_stack.a(l2cap.o)
                              ..\..\..\..\..\..\Library\Bluetooth_LE\library\libbluenrg1_stack.a(gatt_client.o) (L2CAP_Get_PDU_Len)
..\..\..\..\..\..\Library\Bluetooth_LE\library\libbluenrg1_stack.a(ll_isr.o)
                              User\BlueNRG1_it.o (RAL_Isr)
..\..\..\..\..\..\Library\Bluetooth_LE\library\libbluenrg1_stack.a(ll_privacy.o)
                              ..\..\..\..\..\..\Library\Bluetooth_LE\library\libbluenrg1_stack.a(hci.o) (LL_RPADATABASE)
..\..\..\..\..\..\Library\Bluetooth_LE\library\libbluenrg1_stack.a(ll_routines.o)
                              ..\..\..\..\..\..\Library\Bluetooth_LE\library\libbluenrg1_stack.a(hci.o) (LL_Disconnect_Link)
..\..\..\..\..\..\Library\Bluetooth_LE\library\libbluenrg1_stack.a(ll_routines_master.o)
                              ..\..\..\..\..\..\Library\Bluetooth_LE\library\libbluenrg1_stack.a(gap.o) (LL_Create_Connection)
..\..\..\..\..\..\Library\Bluetooth_LE\library\libbluenrg1_stack.a(ll_routines_support.o)
                              ..\..\..\..\..\..\Library\Bluetooth_LE\library\libbluenrg1_stack.a(hci.o) (LL_Encrypt_Plain_Data)
..\..\..\..\..\..\Library\Bluetooth_LE\library\libbluenrg1_stack.a(mem_alloc.o)
                              ..\..\..\..\..\..\Library\Bluetooth_LE\library\libbluenrg1_stack.a(bluenrg_main_func.o) (_BlueNRG_Stack_Init_params)
..\..\..\..\..\..\Library\Bluetooth_LE\library\libbluenrg1_stack.a(multi_master_time.o)
                              ..\..\..\..\..\..\Library\Bluetooth_LE\library\libbluenrg1_stack.a(hci.o) (LL_Get_Anchor_Interval)
..\..\..\..\..\..\Library\Bluetooth_LE\library\libbluenrg1_stack.a(nvm.o)
                              ..\..\..\..\..\..\Library\Bluetooth_LE\library\libbluenrg1_stack.a(ll_isr.o) (Is_Flash_Write_On_Going)
..\..\..\..\..\..\Library\Bluetooth_LE\library\libbluenrg1_stack.a(pka.o)
                              ..\..\..\..\..\..\Library\Bluetooth_LE\library\libbluenrg1_stack.a(hci.o) (PKA_Generate_ECDH_Public_Key)
..\..\..\..\..\..\Library\Bluetooth_LE\library\libbluenrg1_stack.a(pm.o)
                              ..\..\..\..\..\..\Library\Bluetooth_LE\library\libbluenrg1_stack.a(gatt_client.o) (PM_Copy_Pckt_Data)
..\..\..\..\..\..\Library\Bluetooth_LE\library\libbluenrg1_stack.a(rom_att.o)
                              ..\..\..\..\..\..\Library\Bluetooth_LE\library\libbluenrg1_stack.a(gatt_client.o) (Att_Send_Confirmation_Pdu)
..\..\..\..\..\..\Library\Bluetooth_LE\library\libbluenrg1_stack.a(rom_gap.o)
                              ..\..\..\..\..\..\Library\Bluetooth_LE\library\libbluenrg1_stack.a(gap.o) (GAP_Add_To_WhiteList)
..\..\..\..\..\..\Library\Bluetooth_LE\library\libbluenrg1_stack.a(rom_gap_rom.o)
                              ..\..\..\..\..\..\Library\Bluetooth_LE\library\libbluenrg1_stack.a(bluenrg_gap_aci.o) (GAP_Delete_ADType)
..\..\..\..\..\..\Library\Bluetooth_LE\library\libbluenrg1_stack.a(rom_gatt_server.o)
[...]
Memory Configuration

Name             Origin             Length             Attributes
REGION_RAM       0x20000000         0x00006000         xrw
REGION_FLASH_BOOTLOADER 0x10040000         0x00000000         xr
REGION_FLASH     0x10040000         0x00027000         xr
REGION_NVM       0x10067000         0x00001000         xr
REGION_ROM       0x10000000         0x00000800         xr
*default*        0x00000000         0xffffffff

Linker script and memory map

LOAD Hal\clock.o
LOAD Hal\context_switch.o
LOAD Hal\gp_timer.o
LOAD Hal\osal.o
LOAD Library\BlueNRG1_adc.o
LOAD Library\BlueNRG1_dma.o
LOAD Library\BlueNRG1_flash.o
LOAD Library\BlueNRG1_gpio.o
LOAD Library\BlueNRG1_i2c.o
LOAD Library\BlueNRG1_mft.o
LOAD Library\BlueNRG1_pka.o
LOAD Library\BlueNRG1_rng.o
LOAD Library\BlueNRG1_rtc.o
LOAD Library\BlueNRG1_spi.o
LOAD Library\BlueNRG1_sysCtrl.o
LOAD Library\BlueNRG1_uart.o
LOAD Library\BlueNRG1_wdg.o
LOAD Library\misc.o
LOAD SDK_Eval_BlueNRG1\SDK_EVAL_Button.o
LOAD SDK_Eval_BlueNRG1\SDK_EVAL_Com.o
LOAD SDK_Eval_BlueNRG1\SDK_EVAL_Config.o
LOAD SDK_Eval_BlueNRG1\SDK_EVAL_Led.o
LOAD Startup\system_bluenrg1.o
LOAD User\BLE_Chat_main.o
LOAD User\BlueNRG1_it.o
LOAD User\chat.o
LOAD User\gatt_db.o
LOAD ..\..\..\..\..\..\Library\Bluetooth_LE\library\libbluenrg1_stack.a
LOAD ..\libsmall_printf_atollic.a
                0x00000001                ST_LINKER_OPTION = 0x1
                0x00000080                malloc_getpagesize_P = 0x80
START GROUP
LOAD c:/software/truestudio for arm 8.1.0/armtools/bin/../lib/gcc/arm-atollic-eabi/6.3.1/../../../../arm-atollic-eabi/lib/armv6-m\libc.a
LOAD c:/software/truestudio for arm 8.1.0/armtools/bin/../lib/gcc/arm-atollic-eabi/6.3.1/../../../../arm-atollic-eabi/lib/armv6-m\libm.a
END GROUP
                0x20000000                _MEMORY_RAM_BEGIN_ = 0x20000000
                0x00006000                _MEMORY_RAM_SIZE_ = 0x6000
                0x20005fff                _MEMORY_RAM_END_ = 0x20005fff
                0x10040000                _MEMORY_FLASH_BEGIN_ = 0x10040000
                0x00028000                _MEMORY_FLASH_SIZE_ = 0x28000
                0x10067fff                _MEMORY_FLASH_END_ = 0x10067fff
                0x10000000                _MEMORY_ROM_BEGIN_ = 0x10000000
                0x00000800                _MEMORY_ROM_SIZE_ = 0x800
                0x100007ff                _MEMORY_ROM_END_ = 0x100007ff
                0x00001000                FLASH_NVM_DATASIZE = 0x1000
                0x00000000                MEMORY_FLASH_APP_OFFSET = DEFINED (MEMORY_FLASH_APP_OFFSET)?MEMORY_FLASH_APP_OFFSET:0x0
                0x00027000                MEMORY_FLASH_APP_SIZE = DEFINED (MEMORY_FLASH_APP_SIZE)?MEMORY_FLASH_APP_SIZE:((_MEMORY_FLASH_SIZE_ - FLASH_NVM_DATASIZE) - MEMORY_FLASH_APP_OFFSET)
                0x000002cc                MEMORY_RAM_APP_OFFSET = DEFINED (MEMORY_RAM_APP_OFFSET)?MEMORY_RAM_APP_OFFSET:0x2cc
                0x00000000                RESET_SM_MANAGER_SIZE = 0x0
                0x00000000                RESET_MANAGER_SIZE = 0x0
                [0x00000000]                RESET_MANAGER_SIZE = DEFINED (ST_OTA_HIGHER_APPLICATION)?0x800:RESET_MANAGER_SIZE
                [0x00027000]                MEMORY_FLASH_APP_SIZE = DEFINED (ST_OTA_HIGHER_APPLICATION)?((((_MEMORY_FLASH_SIZE_ - RESET_MANAGER_SIZE) - FLASH_NVM_DATASIZE) - 0x800) / 0x2):MEMORY_FLASH_APP_SIZE
                [0x00000000]                MEMORY_FLASH_APP_OFFSET = DEFINED (ST_OTA_HIGHER_APPLICATION)?(RESET_MANAGER_SIZE + MEMORY_FLASH_APP_SIZE):MEMORY_FLASH_APP_OFFSET
                [0x00000000]                RESET_MANAGER_SIZE = DEFINED (ST_OTA_LOWER_APPLICATION)?0x800:RESET_MANAGER_SIZE
                [0x00027000]                MEMORY_FLASH_APP_SIZE = DEFINED (ST_OTA_LOWER_APPLICATION)?((((_MEMORY_FLASH_SIZE_ - RESET_MANAGER_SIZE) - FLASH_NVM_DATASIZE) - 0x800) / 0x2):MEMORY_FLASH_APP_SIZE
                [0x00000000]                MEMORY_FLASH_APP_OFFSET = DEFINED (ST_OTA_LOWER_APPLICATION)?RESET_MANAGER_SIZE:MEMORY_FLASH_APP_OFFSET
                [0x00000000]                RESET_SM_MANAGER_SIZE = DEFINED (ST_USE_OTA_SERVICE_MANAGER_APPLICATION)?0xf000:RESET_SM_MANAGER_SIZE
                [0x00027000]                MEMORY_FLASH_APP_SIZE = DEFINED (ST_USE_OTA_SERVICE_MANAGER_APPLICATION)?((_MEMORY_FLASH_SIZE_ - RESET_SM_MANAGER_SIZE) - FLASH_NVM_DATASIZE):MEMORY_FLASH_APP_SIZE
                [0x00000000]                MEMORY_FLASH_APP_OFFSET = DEFINED (ST_USE_OTA_SERVICE_MANAGER_APPLICATION)?RESET_SM_MANAGER_SIZE:MEMORY_FLASH_APP_OFFSET
                0x00000000                EXTERNAL_BLE_STACK_FLASH_OFFSET = DEFINED (EXTERNAL_BLE_STACK_FLASH_OFFSET)?EXTERNAL_BLE_STACK_FLASH_OFFSET:0x0
                0x100400c0                cmd_call_table = ((_MEMORY_FLASH_BEGIN_ + 0xc0) + EXTERNAL_BLE_STACK_FLASH_OFFSET)
                0x200002cc                ev_call_table = 0x200002cc
                0x00000000                _Min_Heap_Size = 0x0
                0x00000c00                _Min_Stack_Size = 0xc00

.bootloader     0x10040000        0x0
                0x10040000                . = ALIGN (0x4)
 *(.bootloader)
                0x10040000                . = ALIGN (0x4)

.intvec         0x10040000       0xc0
                0x10040000                . = ALIGN (0x4)
 *(.intvec)
 .intvec        0x10040000       0xc0 Startup\system_bluenrg1.o
                0x10040000                __vector_table
                0x100400c0                . = ALIGN (0x4)

.text           0x100400c0     0x2274
                0x100400c0                . = ALIGN (0x4)
 *(.cmd_call_table)
 *(.text)
 .text          0x100400c0       0x6c Hal\context_switch.o
                0x100400c0                CS_contextSave
                0x100400f2                CS_contextRestore
                0x10040106                BlueNRG_IdleSleep
 .text          0x1004012c        0xe c:/software/truestudio for arm 8.1.0/armtools/bin/../lib/gcc/arm-atollic-eabi/6.3.1/../../../../arm-atollic-eabi/lib/armv6-m\libc.a(lib_a-strlen.o)
                0x1004012c                strlen
 *fill*         0x1004013a        0x2 
 .text          0x1004013c      0x114 c:/software/truestudio for arm 8.1.0/armtools/bin/../lib/gcc/arm-atollic-eabi/6.3.1/armv6-m\libgcc.a(_udivsi3.o)
                0x1004013c                __aeabi_uidiv
                0x1004013c                __udivsi3
                0x10040248                __aeabi_uidivmod
 .text          0x10040250      0x1d4 c:/software/truestudio for arm 8.1.0/armtools/bin/../lib/gcc/arm-atollic-eabi/6.3.1/armv6-m\libgcc.a(_divsi3.o)
                0x10040250                __divsi3
                0x10040250                __aeabi_idiv
                0x1004041c                __aeabi_idivmod
 .text          0x10040424        0x4 c:/software/truestudio for arm 8.1.0/armtools/bin/../lib/gcc/arm-atollic-eabi/6.3.1/armv6-m\libgcc.a(_dvmd_tls.o)
                0x10040424                __aeabi_idiv0
                0x10040424                __aeabi_ldiv0
 .text          0x10040428       0x74 c:/software/truestudio for arm 8.1.0/armtools/bin/../lib/gcc/arm-atollic-eabi/6.3.1/armv6-m\libgcc.a(_arm_cmpsf2.o)
                0x10040428                __aeabi_cfrcmple
                0x10040430                __aeabi_cfcmpeq
                0x10040430                __aeabi_cfcmple
                0x10040440                __aeabi_fcmpeq
                0x1004044c                __aeabi_fcmplt
                0x10040460                __aeabi_fcmple
                0x10040474                __aeabi_fcmpgt
                0x10040488                __aeabi_fcmpge
 .text          0x1004049c       0x74 c:/software/truestudio for arm 8.1.0/armtools/bin/../lib/gcc/arm-atollic-eabi/6.3.1/armv6-m\libgcc.a(unaligned-funcs.o)
                0x1004049c                __aeabi_uread4
                0x100404b4                __aeabi_uwrite4
                0x100404c4                __aeabi_uread8
                0x100404f0                __aeabi_uwrite8
 .text          0x10040510       0x4c c:/software/truestudio for arm 8.1.0/armtools/bin/../lib/gcc/arm-atollic-eabi/6.3.1/armv6-m\libgcc.a(eqsf2.o)
                0x10040510                __eqsf2
                0x10040510                __nesf2
 .text          0x1004055c       0x80 c:/software/truestudio for arm 8.1.0/armtools/bin/../lib/gcc/arm-atollic-eabi/6.3.1/armv6-m\libgcc.a(gesf2.o)
                0x1004055c                __gesf2
                0x1004055c                __gtsf2
 .text          0x100405dc       0x84 c:/software/truestudio for arm 8.1.0/armtools/bin/../lib/gcc/arm-atollic-eabi/6.3.1/armv6-m\libgcc.a(lesf2.o)
                0x100405dc                __ltsf2
                0x100405dc                __lesf2
 .text          0x10040660      0x240 c:/software/truestudio for arm 8.1.0/armtools/bin/../lib/gcc/arm-atollic-eabi/6.3.1/armv6-m\libgcc.a(mulsf3.o)
                0x10040660                __aeabi_fmul
 .text          0x100408a0       0x40 c:/software/truestudio for arm 8.1.0/armtools/bin/../lib/gcc/arm-atollic-eabi/6.3.1/armv6-m\libgcc.a(fixsfsi.o)
                0x100408a0                __aeabi_f2iz
 .text          0x100408e0      0x114 c:/software/truestudio for arm 8.1.0/armtools/bin/../lib/gcc/arm-atollic-eabi/6.3.1/armv6-m\libgcc.a(truncdfsf2.o)
                0x100408e0                __aeabi_d2f
 .text          0x100409f4       0x3c c:/software/truestudio for arm 8.1.0/armtools/bin/../lib/gcc/arm-atollic-eabi/6.3.1/armv6-m\libgcc.a(_clzsi2.o)
                0x100409f4                __clzsi2
 *(.text*)
 .text.SysCount_Handler
                0x10040a30       0x10 Hal\clock.o
                0x10040a30                SysCount_Handler
 .text.Clock_Time
                0x10040a40        0xc Hal\clock.o
                0x10040a40                Clock_Time
 .text.Timer_Set
                0x10040a4c        0xe Hal\gp_timer.o
                0x10040a4c                Timer_Set
 .text.Timer_Expired
                0x10040a5a       0x18 Hal\gp_timer.o
                0x10040a5a                Timer_Expired
 .text.Osal_MemCpy
                0x10040a72        0x8 Hal\osal.o
                0x10040a72                Osal_MemCpy
 .text.Osal_MemSet
                0x10040a7a        0x8 Hal\osal.o
                0x10040a7a                Osal_MemSet
 .text.Osal_MemCmp
                0x10040a82        0x8 Hal\osal.o
                0x10040a82                Osal_MemCmp
 *fill*         0x10040a8a        0x2 
 .text.FLASH_WaitCmdDone
                0x10040a8c       0x10 Library\BlueNRG1_flash.o
                0x10040a8c                FLASH_WaitCmdDone
 .text.FLASH_ErasePage
                0x10040a9c       0x1c Library\BlueNRG1_flash.o
                0x10040a9c                FLASH_ErasePage
 .text.FLASH_ProgramWord
                0x10040ab8       0x1c Library\BlueNRG1_flash.o
                0x10040ab8                FLASH_ProgramWord
 .text.GPIO_Init
                0x10040ad4       0xac Library\BlueNRG1_gpio.o
                0x10040ad4                GPIO_Init
 .text.GPIO_WriteBit
                0x10040b80       0x10 Library\BlueNRG1_gpio.o
                0x10040b80                GPIO_WriteBit
 .text.GPIO_ToggleBits
                0x10040b90        0xc Library\BlueNRG1_gpio.o
                0x10040b90                GPIO_ToggleBits
 .text.PKA_Reset
                0x10040b9c       0x18 Library\BlueNRG1_pka.o
                0x10040b9c                PKA_Reset
 .text.PKA_StartProcessing
                0x10040bb4       0x14 Library\BlueNRG1_pka.o
                0x10040bb4                PKA_StartProcessing
 .text.PKA_GetProcessStatus
                0x10040bc8        0xc Library\BlueNRG1_pka.o
                0x10040bc8                PKA_GetProcessStatus
 .text.PKA_VerifyProcess
                0x10040bd4       0x10 Library\BlueNRG1_pka.o
                0x10040bd4                PKA_VerifyProcess
 .text.PKA_SetData
                0x10040be4       0x40 Library\BlueNRG1_pka.o
                0x10040be4                PKA_SetData
 .text.PKA_GetData
                0x10040c24       0x3c Library\BlueNRG1_pka.o
                0x10040c24                PKA_GetData
 .text.SysCtrl_PeripheralClockCmd
                0x10040c60       0x18 Library\BlueNRG1_sysCtrl.o
                0x10040c60                SysCtrl_PeripheralClockCmd
 .text.UART_Cmd
                0x10040c78       0x1c Library\BlueNRG1_uart.o
                0x10040c78                UART_Cmd
 .text.UART_Init
                0x10040c94      0x150 Library\BlueNRG1_uart.o
                0x10040c94                UART_Init
 .text.UART_ITConfig
                0x10040de4       0x18 Library\BlueNRG1_uart.o
                0x10040de4                UART_ITConfig
 .text.UART_SendData
                0x10040dfc       0x10 Library\BlueNRG1_uart.o
                0x10040dfc                UART_SendData
 .text.UART_ReceiveData
                0x10040e0c        0xc Library\BlueNRG1_uart.o
                0x10040e0c                UART_ReceiveData
 .text.UART_GetFlagStatus
                0x10040e18       0x1c Library\BlueNRG1_uart.o
                0x10040e18                UART_GetFlagStatus
 .text.UART_GetITStatus
                0x10040e34       0x14 Library\BlueNRG1_uart.o
                0x10040e34                UART_GetITStatus
 .text.UART_RxFifoIrqLevelConfig
                0x10040e48       0x1c Library\BlueNRG1_uart.o
                0x10040e48                UART_RxFifoIrqLevelConfig
 .text.NVIC_Init
                0x10040e64       0x90 Library\misc.o
                0x10040e64                NVIC_Init
 .text.SdkEvalUart_Send_Data
                0x10040ef4       0x16 SDK_Eval_BlueNRG1\SDK_EVAL_Com.o
 *fill*         0x10040f0a        0x2 
 .text.SdkEvalComUartInit
                0x10040f0c       0x94 SDK_Eval_BlueNRG1\SDK_EVAL_Com.o
                0x10040f0c                SdkEvalComUartInit
 .text.SdkEvalComUartIrqConfig
                0x10040fa0       0x1e SDK_Eval_BlueNRG1\SDK_EVAL_Com.o
                0x10040fa0                SdkEvalComUartIrqConfig
 *fill*         0x10040fbe        0x2 
 .text.SdkEvalComIOConfig
                0x10040fc0       0x1c SDK_Eval_BlueNRG1\SDK_EVAL_Com.o
                0x10040fc0                SdkEvalComIOConfig
 .text.SdkEvalComIOSendData
                0x10040fdc        0x8 SDK_Eval_BlueNRG1\SDK_EVAL_Com.o
                0x10040fdc                SdkEvalComIOSendData
 .text.SdkEvalComIOReceiveData
                0x10040fe4       0x14 SDK_Eval_BlueNRG1\SDK_EVAL_Com.o
                0x10040fe4                SdkEvalComIOReceiveData
 .text.SdkEvalComIOUartIrqHandler
                0x10040ff8       0x2c SDK_Eval_BlueNRG1\SDK_EVAL_Com.o
                0x10040ff8                SdkEvalComIOUartIrqHandler
 .text.putchar  0x10041024        0xe SDK_Eval_BlueNRG1\SDK_EVAL_Com.o
                0x10041024                putchar
 .text._write   0x10041032       0x1c SDK_Eval_BlueNRG1\SDK_EVAL_Com.o
                0x10041032                _write
 .text.__aeabi_memcpy
                0x1004104e        0x8 SDK_Eval_BlueNRG1\SDK_EVAL_Com.o
                0x1004104e                __aeabi_memcpy
 .text.__aeabi_memcpy4
                0x10041056        0x8 SDK_Eval_BlueNRG1\SDK_EVAL_Com.o
                0x10041056                __aeabi_memcpy4
 .text.__aeabi_memclr4
                0x1004105e        0xc SDK_Eval_BlueNRG1\SDK_EVAL_Com.o
                0x1004105e                __aeabi_memclr4
 *fill*         0x1004106a        0x2 
 .text.SdkEvalIdentification
                0x1004106c        0xc SDK_Eval_BlueNRG1\SDK_EVAL_Config.o
                0x1004106c                SdkEvalIdentification
 .text.SdkEvalGetVersion
                0x10041078        0xc SDK_Eval_BlueNRG1\SDK_EVAL_Config.o
                0x10041078                SdkEvalGetVersion
 .text.Get_LedGpioPin
                0x10041084       0x44 SDK_Eval_BlueNRG1\SDK_EVAL_Led.o
                0x10041084                Get_LedGpioPin
 .text.PKA_Handler
                0x100410c8        0x2 Startup\system_bluenrg1.o
                0x100410c8                PKA_Handler
 .text.DMA_Handler
                0x100410ca        0x2 Startup\system_bluenrg1.o
                0x100410ca                DMA_Handler
 .text.PendSV_Handler
                0x100410cc        0x2 Startup\system_bluenrg1.o
                0x100410cc                PendSV_Handler
 .text.NVM_Handler
                0x100410ce        0x2 Startup\system_bluenrg1.o
                0x100410ce                NVM_Handler
 .text.SPI_Handler
                0x100410d0        0x2 Startup\system_bluenrg1.o
                0x100410d0                SPI_Handler
 .text.MFT1A_Handler
                0x100410d2        0x2 Startup\system_bluenrg1.o
                0x100410d2                MFT1A_Handler
 .text.MFT1B_Handler
                0x100410d4        0x2 Startup\system_bluenrg1.o
                0x100410d4                MFT1B_Handler
 .text.MFT2A_Handler
                0x100410d6        0x2 Startup\system_bluenrg1.o
                0x100410d6                MFT2A_Handler
 .text.MFT2B_Handler
                0x100410d8        0x2 Startup\system_bluenrg1.o
                0x100410d8                MFT2B_Handler
 .text.RTC_Handler
                0x100410da        0x2 Startup\system_bluenrg1.o
                0x100410da                RTC_Handler
 .text.WDG_Handler
                0x100410dc        0x2 Startup\system_bluenrg1.o
                0x100410dc                WDG_Handler
 .text.ADC_Handler
                0x100410de        0x2 Startup\system_bluenrg1.o
                0x100410de                ADC_Handler
 .text.I2C2_Handler
                0x100410e0        0x2 Startup\system_bluenrg1.o
                0x100410e0                I2C2_Handler
 .text.I2C1_Handler
                0x100410e2        0x2 Startup\system_bluenrg1.o
                0x100410e2                I2C1_Handler
 .text.__low_level_init
                0x100410e4       0x30 Startup\system_bluenrg1.o
                0x100410e4                __low_level_init
 .text.RESET_HANDLER
                0x10041114       0x8c Startup\system_bluenrg1.o
                0x10041114                RESET_HANDLER
 .text.DeviceConfiguration
                0x100411a0       0xbc Startup\system_bluenrg1.o
                0x100411a0                DeviceConfiguration
 .text.SystemInit
                0x1004125c      0x120 Startup\system_bluenrg1.o
                0x1004125c                SystemInit
 .text.startup.main
                0x1004137c       0xf4 User\BLE_Chat_main.o
                0x1004137c                main
 .text.NMI_Handler
                0x10041470        0x2 User\BlueNRG1_it.o
                0x10041470                NMI_Handler
 .text.HardFault_Handler
                0x10041472        0x2 User\BlueNRG1_it.o
                0x10041472                HardFault_Handler
 .text.SVC_Handler
                0x10041474        0x2 User\BlueNRG1_it.o
                0x10041474                SVC_Handler
 .text.SysTick_Handler
                0x10041476        0x8 User\BlueNRG1_it.o
                0x10041476                SysTick_Handler
 .text.GPIO_Handler
                0x1004147e        0x2 User\BlueNRG1_it.o
                0x1004147e                GPIO_Handler
 .text.UART_Handler
                0x10041480        0x8 User\BlueNRG1_it.o
                0x10041480                UART_Handler
 .text.Blue_Handler
                0x10041488        0x8 User\BlueNRG1_it.o
                0x10041488                Blue_Handler
 .text.CHAT_DeviceInit
                0x10041490       0xdc User\chat.o
                0x10041490                CHAT_DeviceInit
 .text.Process_InputData
                0x1004156c       0xe8 User\chat.o
                0x1004156c                Process_InputData
 .text.Make_Connection
                0x10041654       0x58 User\chat.o
                0x10041654                Make_Connection
 .text.APP_Tick
                0x100416ac       0x1c User\chat.o
                0x100416ac                APP_Tick
 .text.hci_le_connection_complete_event
                0x100416c8       0x30 User\chat.o
                0x100416c8                hci_le_connection_complete_event
 .text.hci_disconnection_complete_event
                0x100416f8       0x70 User\chat.o
                0x100416f8                hci_disconnection_complete_event
 .text.aci_gatt_attribute_modified_event
                0x10041768        0xe User\chat.o
                0x10041768                aci_gatt_attribute_modified_event
 *fill*         0x10041776        0x2 
 .text.aci_gatt_tx_pool_available_event
                0x10041778       0x10 User\chat.o
                0x10041778                aci_gatt_tx_pool_available_event
 .text.aci_gatt_read_permit_req_event
                0x10041788       0x10 User\chat.o
                0x10041788                aci_gatt_read_permit_req_event
 .text.aci_hal_end_of_radio_activity_event
                0x10041798        0x2 User\chat.o
                0x10041798                aci_hal_end_of_radio_activity_event
 *fill*         0x1004179a        0x2 
 .text.Add_Chat_Service
                0x1004179c       0xdc User\gatt_db.o
                0x1004179c                Add_Chat_Service
 .text.Attribute_Modified_CB
                0x10041878       0x6c User\gatt_db.o
                0x10041878                Attribute_Modified_CB
 .text.ts_itoa  0x100418e4       0x56 ..\libsmall_printf_atollic.a(printf.o)
                0x100418e4                ts_itoa
 *fill*         0x1004193a        0x2 
 .text.ts_formatstring
                0x1004193c      0x1b4 ..\libsmall_printf_atollic.a(printf.o)
                0x1004193c                ts_formatstring
 .text.ts_formatlength
                0x10041af0       0x72 ..\libsmall_printf_atollic.a(printf.o)
                0x10041af0                ts_formatlength
 .text.iprintf  0x10041b62       0x42 ..\libsmall_printf_atollic.a(printf.o)
                0x10041b62                iprintf
                0x10041b62                printf
 .text.puts     0x10041ba4       0x34 ..\libsmall_printf_atollic.a(printf.o)
                0x10041ba4                puts
 .text.memcmp   0x10041bd8       0x1e c:/software/truestudio for arm 8.1.0/armtools/bin/../lib/gcc/arm-atollic-eabi/6.3.1/../../../../arm-atollic-eabi/lib/armv6-m\libc.a(lib_a-memcmp.o)
                0x10041bd8                memcmp
 .text.memcpy   0x10041bf6       0x12 c:/software/truestudio for arm 8.1.0/armtools/bin/../lib/gcc/arm-atollic-eabi/6.3.1/../../../../arm-atollic-eabi/lib/armv6-m\libc.a(lib_a-memcpy-stub.o)
                0x10041bf6                memcpy
 .text.memset   0x10041c08       0x10 c:/software/truestudio for arm 8.1.0/armtools/bin/../lib/gcc/arm-atollic-eabi/6.3.1/../../../../arm-atollic-eabi/lib/armv6-m\libc.a(lib_a-memset.o)
                0x10041c08                memset
 *(.rodata)
 .rodata        0x10041c18       0x19 Startup\system_bluenrg1.o
 .rodata        0x10041c31       0x1c User\chat.o
 .rodata        0x10041c4d       0x30 User\gatt_db.o
 *fill*         0x10041c7d        0x3 
 .rodata        0x10041c80       0x40 c:/software/truestudio for arm 8.1.0/armtools/bin/../lib/gcc/arm-atollic-eabi/6.3.1/armv6-m\libgcc.a(mulsf3.o)
 *(.rodata*)
 .rodata.CLOCK_SECOND
                0x10041cc0        0x4 Hal\clock.o
                0x10041cc0                CLOCK_SECOND
 .rodata.s_UartRxModeVersion
                0x10041cc4        0x4 SDK_Eval_BlueNRG1\SDK_EVAL_Config.o
                0x10041cc4                s_UartRxModeVersion
 .rodata.s_UartRxPinVersion
                0x10041cc8        0x4 SDK_Eval_BlueNRG1\SDK_EVAL_Config.o
                0x10041cc8                s_UartRxPinVersion
 .rodata.s_UartTxModeVersion
                0x10041ccc        0x4 SDK_Eval_BlueNRG1\SDK_EVAL_Config.o
                0x10041ccc                s_UartTxModeVersion
 .rodata.s_UartTxPinVersion
                0x10041cd0        0x4 SDK_Eval_BlueNRG1\SDK_EVAL_Config.o
                0x10041cd0                s_UartTxPinVersion
 .rodata.s_vectnGpioPinVersion
                0x10041cd4        0xc SDK_Eval_BlueNRG1\SDK_EVAL_Config.o
                0x10041cd4                s_vectnGpioPinVersion
 .rodata.BlueNRG_Stack_Init_params
                0x10041ce0       0x34 User\BLE_Chat_main.o
                0x10041ce0                BlueNRG_Stack_Init_params
 .rodata.main.str1.1
                0x10041d14       0xa9 User\BLE_Chat_main.o
 .rodata.CHAT_DeviceInit.str1.1
                0x10041dbd      0x13e User\chat.o
 .rodata.Make_Connection.str1.1
                0x10041efb       0x56 User\chat.o
 .rodata.Process_InputData.str1.1
                0x10041f51        0xd User\chat.o
 .rodata.aci_gatt_read_permit_req_event.str1.1
                0x10041f5e       0x1a User\chat.o
 .rodata.hci_disconnection_complete_event.str1.1
                0x10041f78       0x18 User\chat.o
 .rodata.hci_le_connection_complete_event.str1.1
                0x10041f90       0x18 User\chat.o
                                 0x15 (size before relaxing)
 .rodata.Add_Chat_Service.str1.1
                0x10041f90       0x5f User\gatt_db.o
 *fill*         0x10041fef        0x1 
 .rodata.dv.4834
                0x10041ff0       0x28 ..\libsmall_printf_atollic.a(printf.o)
 .rodata.p.4835
                0x10042018       0x28 ..\libsmall_printf_atollic.a(printf.o)
 .rodata.str1.1
                0x10042040       0x5f ..\libsmall_printf_atollic.a(printf.o)
                                  0x2 (size before relaxing)
 *(.constdata)
 .constdata     0x10042040       0x20 ..\..\..\..\..\..\Library\Bluetooth_LE\library\libbluenrg1_stack.a(rom_ll_timehandling.o)
 .constdata     0x10042060       0x19 ..\..\..\..\..\..\Library\Bluetooth_LE\library\libbluenrg1_stack.a(securitymgr.o)
 .constdata     0x10042079       0x60 ..\..\..\..\..\..\Library\Bluetooth_LE\library\libbluenrg1_stack.a(smp_scv42_isap.o)
 .constdata     0x100420d9       0x10 ..\..\..\..\..\..\Library\Bluetooth_LE\library\libbluenrg1_stack.a(ssm_algo.o)
 *fill*         0x100420e9        0x3 
 .constdata     0x100420ec      0x110 ..\..\..\..\..\..\Library\Bluetooth_LE\library\libbluenrg1_stack.a(aci_events.o)
                0x100420ec                evnt_callback_pfunc
                0x100421cc                int_evnt_callback_pfunc
 .constdata     0x100421fc       0x10 ..\..\..\..\..\..\Library\Bluetooth_LE\library\libbluenrg1_stack.a(att.o)
                0x100421fc                bleBaseUuid
 .constdata     0x1004220c      0x128 ..\..\..\..\..\..\Library\Bluetooth_LE\library\libbluenrg1_stack.a(crypto.o)
                0x1004220c                Sbox
                0x1004230c                rcon
 *(.glue_7)
 .glue_7        0x10042334        0x0 linker stubs
 *(.glue_7t)
 .glue_7t       0x10042334        0x0 linker stubs
                0x10042334                . = ALIGN (0x4)
                0x10042334                _etext = .
                0x10054290                _sidata = LOADADDR (.data)
                0x10054264                _sidata2 = LOADADDR (.ram_preamble)

.vfp11_veneer   0x10042334        0x0
 .vfp11_veneer  0x10042334        0x0 linker stubs

.v4_bx          0x10042334        0x0
 .v4_bx         0x10042334        0x0 linker stubs

.iplt           0x10042334        0x0
 .iplt          0x10042334        0x0 Hal\clock.o

i._aci_gap_set_discoverable_param_check
                0x10042334       0x6c
 i._aci_gap_set_discoverable_param_check
                0x10042334       0x6c ..\..\..\..\..\..\Library\Bluetooth_LE\library\libbluenrg1_stack.a(bluenrg_gap_aci.o)

i.aci_gap_init  0x100423a0       0x30
 i.aci_gap_init
                0x100423a0       0x30 ..\..\..\..\..\..\Library\Bluetooth_LE\library\libbluenrg1_stack.a(bluenrg_gap_aci.o)
                0x100423a0                aci_gap_init

i.aci_gap_set_discoverable
                0x100423d0       0x42
 i.aci_gap_set_discoverable
                0x100423d0       0x42 ..\..\..\..\..\..\Library\Bluetooth_LE\library\libbluenrg1_stack.a(bluenrg_gap_aci.o)
                0x100423d0                aci_gap_set_discoverable

i._load_uuid    0x10042412       0x26
 i._load_uuid   0x10042412       0x26 ..\..\..\..\..\..\Library\Bluetooth_LE\library\libbluenrg1_stack.a(bluenrg_gatt_aci.o)

i.aci_gatt_add_char
                0x10042438       0x3e
 i.aci_gatt_add_char
                0x10042438       0x3e ..\..\..\..\..\..\Library\Bluetooth_LE\library\libbluenrg1_stack.a(bluenrg_gatt_aci.o)
                0x10042438                aci_gatt_add_char

i.aci_gatt_add_service
                0x10042476       0x36
 i.aci_gatt_add_service
                0x10042476       0x36 ..\..\..\..\..\..\Library\Bluetooth_LE\library\libbluenrg1_stack.a(bluenrg_gatt_aci.o)
                0x10042476                aci_gatt_add_service

i.aci_gatt_init
                0x100424ac        0x8
 i.aci_gatt_init
                0x100424ac        0x8 ..\..\..\..\..\..\Library\Bluetooth_LE\library\libbluenrg1_stack.a(bluenrg_gatt_aci.o)
                0x100424ac                aci_gatt_init

i.aci_gatt_update_char_value
                0x100424b4       0x14
 i.aci_gatt_update_char_value
                0x100424b4       0x14 ..\..\..\..\..\..\Library\Bluetooth_LE\library\libbluenrg1_stack.a(bluenrg_gatt_aci.o)
                0x100424b4                aci_gatt_update_char_value

i.aci_hal_set_tx_power_level
                0x100424c8        0x8
 i.aci_hal_set_tx_power_level
                0x100424c8        0x8 ..\..\..\..\..\..\Library\Bluetooth_LE\library\libbluenrg1_stack.a(bluenrg_hal_aci.o)
                0x100424c8                aci_hal_set_tx_power_level

i.aci_hal_write_config_data
                0x100424d0        0x8
 i.aci_hal_write_config_data
                0x100424d0        0x8 ..\..\..\..\..\..\Library\Bluetooth_LE\library\libbluenrg1_stack.a(bluenrg_hal_aci.o)
                0x100424d0                aci_hal_write_config_data

i.BTLE_StackTick
                0x100424d8       0x8c
 i.BTLE_StackTick
                0x100424d8       0x8c ..\..\..\..\..\..\Library\Bluetooth_LE\library\libbluenrg1_stack.a(bluenrg_main_func.o)
                0x100424d8                BTLE_StackTick

i.BlueNRG_Stack_Initialization
                0x10042564       0x30
 i.BlueNRG_Stack_Initialization
                0x10042564       0x30 ..\..\..\..\..\..\Library\Bluetooth_LE\library\libbluenrg1_stack.a(bluenrg_main_func.o)
                0x10042564                BlueNRG_Stack_Initialization

i.BlueNRG_Stack_Initialize_ConfigData
                0x10042594       0x48
 i.BlueNRG_Stack_Initialize_ConfigData
                0x10042594       0x48 ..\..\..\..\..\..\Library\Bluetooth_LE\library\libbluenrg1_stack.a(bluenrg_main_func.o)
                0x10042594                BlueNRG_Stack_Initialize_ConfigData

i.BlueNRG_Stack_Initialize_Layers
                0x100425dc       0x8c
 i.BlueNRG_Stack_Initialize_Layers
                0x100425dc       0x8c ..\..\..\..\..\..\Library\Bluetooth_LE\library\libbluenrg1_stack.a(bluenrg_main_func.o)
                0x100425dc                BlueNRG_Stack_Initialize_Layers

i.BlueNRG_Stack_Initialize_RAM
                0x10042668       0x2c
 i.BlueNRG_Stack_Initialize_RAM
                0x10042668       0x2c ..\..\..\..\..\..\Library\Bluetooth_LE\library\libbluenrg1_stack.a(bluenrg_main_func.o)
                0x10042668                BlueNRG_Stack_Initialize_RAM

i.BlueNRG_Stack_Initialize_RAM_check
                0x10042694       0x64
 i.BlueNRG_Stack_Initialize_RAM_check
                0x10042694       0x64 ..\..\..\..\..\..\Library\Bluetooth_LE\library\libbluenrg1_stack.a(bluenrg_main_func.o)
                0x10042694                BlueNRG_Stack_Initialize_RAM_check

i.BlueNRG_Stack_Perform_Crystal_Check
                0x100426f8       0xb8
 i.BlueNRG_Stack_Perform_Crystal_Check
                0x100426f8       0xb8 ..\..\..\..\..\..\Library\Bluetooth_LE\library\libbluenrg1_stack.a(bluenrg_main_func.o)

i.BlueNRG_Start_Crystal_Measurement
                0x100427b0       0x1c
 i.BlueNRG_Start_Crystal_Measurement
                0x100427b0       0x1c ..\..\..\..\..\..\Library\Bluetooth_LE\library\libbluenrg1_stack.a(bluenrg_main_func.o)
                0x100427b0                BlueNRG_Start_Crystal_Measurement

i._BlueNRG_Stack_Initialization
                0x100427cc       0x94
 i._BlueNRG_Stack_Initialization
                0x100427cc       0x94 ..\..\..\..\..\..\Library\Bluetooth_LE\library\libbluenrg1_stack.a(bluenrg_main_func.o)
                0x100427cc                _BlueNRG_Stack_Initialization

i.GAP_Connection_Complete_Handler
                0x10042860       0x60
 i.GAP_Connection_Complete_Handler
                0x10042860       0x60 ..\..\..\..\..\..\Library\Bluetooth_LE\library\libbluenrg1_stack.a(gap.o)
                0x10042860                GAP_Connection_Complete_Handler

i.GAP_DiscProcTimeoutcb
                0x100428c0       0x48
 i.GAP_DiscProcTimeoutcb
                0x100428c0       0x48 ..\..\..\..\..\..\Library\Bluetooth_LE\library\libbluenrg1_stack.a(gap.o)
                0x100428c0                GAP_DiscProcTimeoutcb

i.GAP_Init      0x10042908      0x1f8
 i.GAP_Init     0x10042908      0x1f8 ..\..\..\..\..\..\Library\Bluetooth_LE\library\libbluenrg1_stack.a(gap.o)
                0x10042908                GAP_Init

i.GAP_Init_Context
                0x10042b00       0x14
 i.GAP_Init_Context
                0x10042b00       0x14 ..\..\..\..\..\..\Library\Bluetooth_LE\library\libbluenrg1_stack.a(gap.o)
                0x10042b00                GAP_Init_Context

i.GAP_Internal_Evt_Handler
                0x10042b14       0x38
 i.GAP_Internal_Evt_Handler
                0x10042b14       0x38 ..\..\..\..\..\..\Library\Bluetooth_LE\library\libbluenrg1_stack.a(gap.o)
                0x10042b14                GAP_Internal_Evt_Handler

i.GAP_LL_Event_Handler_ISR
                0x10042b4c       0x5c
 i.GAP_LL_Event_Handler_ISR
                0x10042b4c       0x5c ..\..\..\..\..\..\Library\Bluetooth_LE\library\libbluenrg1_stack.a(gap.o)
                0x10042b4c                GAP_LL_Event_Handler_ISR

i.GAP_LimDiscTimeoutcb
                0x10042ba8       0x2c
 i.GAP_LimDiscTimeoutcb
                0x10042ba8       0x2c ..\..\..\..\..\..\Library\Bluetooth_LE\library\libbluenrg1_stack.a(gap.o)
                0x10042ba8                GAP_LimDiscTimeoutcb

i.GAP_Parse_Advertising_Report
                0x10042bd4       0x10
 i.GAP_Parse_Advertising_Report
                0x10042bd4       0x10 ..\..\..\..\..\..\Library\Bluetooth_LE\library\libbluenrg1_stack.a(gap.o)
                0x10042bd4                GAP_Parse_Advertising_Report

i.GAP_Process_Q
                0x10042be4       0x70
 i.GAP_Process_Q
                0x10042be4       0x70 ..\..\..\..\..\..\Library\Bluetooth_LE\library\libbluenrg1_stack.a(gap.o)
                0x10042be4                GAP_Process_Q

i.GAP_Set_Discoverable_Mode
                0x10042c54       0x38
 i.GAP_Set_Discoverable_Mode
                0x10042c54       0x38 ..\..\..\..\..\..\Library\Bluetooth_LE\library\libbluenrg1_stack.a(gap.o)
                0x10042c54                GAP_Set_Discoverable_Mode

i.GAP_Started_Gatt_Proc
                0x10042c8c       0x2c
 i.GAP_Started_Gatt_Proc
                0x10042c8c       0x2c ..\..\..\..\..\..\Library\Bluetooth_LE\library\libbluenrg1_stack.a(gap.o)
                0x10042c8c                GAP_Started_Gatt_Proc

i._GAP_Parse_Advertising_Report
                0x10042cb8       0x64
 i._GAP_Parse_Advertising_Report
                0x10042cb8       0x64 ..\..\..\..\..\..\Library\Bluetooth_LE\library\libbluenrg1_stack.a(gap.o)

i._gap_set_discoverable_connectable
                0x10042d1c      0x16c
 i._gap_set_discoverable_connectable
                0x10042d1c      0x16c ..\..\..\..\..\..\Library\Bluetooth_LE\library\libbluenrg1_stack.a(gap.o)
                0x10042d1c                _gap_set_discoverable_connectable

i.aci_gap_limited_discoverable_event_push
                0x10042e88       0x40
 i.aci_gap_limited_discoverable_event_push
                0x10042e88       0x40 ..\..\..\..\..\..\Library\Bluetooth_LE\library\libbluenrg1_stack.a(gap.o)

i.aci_gap_proc_complete_event_push
                0x10042ec8       0x64
 i.aci_gap_proc_complete_event_push
                0x10042ec8       0x64 ..\..\..\..\..\..\Library\Bluetooth_LE\library\libbluenrg1_stack.a(gap.o)

i.advParamsCheckAndSet
                0x10042f2c       0x78
 i.advParamsCheckAndSet
                0x10042f2c       0x78 ..\..\..\..\..\..\Library\Bluetooth_LE\library\libbluenrg1_stack.a(gap.o)
                0x10042f2c                advParamsCheckAndSet

i.gapClearAllModeFlags
                0x10042fa4       0x14
 i.gapClearAllModeFlags
                0x10042fa4       0x14 ..\..\..\..\..\..\Library\Bluetooth_LE\library\libbluenrg1_stack.a(gap.o)
                0x10042fa4                gapClearAllModeFlags

i.setGapAdvData
                0x10042fb8      0x100
 i.setGapAdvData
                0x10042fb8      0x100 ..\..\..\..\..\..\Library\Bluetooth_LE\library\libbluenrg1_stack.a(gap.o)
                0x10042fb8                setGapAdvData

i.__ARM_common_switch8
                0x100430b8       0x1a
 i.__ARM_common_switch8
                0x100430b8       0x1a ..\..\..\..\..\..\Library\Bluetooth_LE\library\libbluenrg1_stack.a(gap.o)
                0x100430b8                __ARM_common_switch8

i.Check_Flags   0x100430d2       0x38
 i.Check_Flags  0x100430d2       0x38 ..\..\..\..\..\..\Library\Bluetooth_LE\library\libbluenrg1_stack.a(gatt_client.o)
                0x100430d2                Check_Flags

i.Find_Gatt_Client
                0x1004310c       0x40
 i.Find_Gatt_Client
                0x1004310c       0x40 ..\..\..\..\..\..\Library\Bluetooth_LE\library\libbluenrg1_stack.a(gatt_client.o)
                0x1004310c                Find_Gatt_Client

i.Gatt_Check_Not_Error_Resp
                0x1004314c       0x6c
 i.Gatt_Check_Not_Error_Resp
                0x1004314c       0x6c ..\..\..\..\..\..\Library\Bluetooth_LE\library\libbluenrg1_stack.a(gatt_client.o)
                0x1004314c                Gatt_Check_Not_Error_Resp

i.Gatt_Read_Charac_By_Uuid
                0x100431b8       0x88
 i.Gatt_Read_Charac_By_Uuid
                0x100431b8       0x88 ..\..\..\..\..\..\Library\Bluetooth_LE\library\libbluenrg1_stack.a(gatt_client.o)
                0x100431b8                Gatt_Read_Charac_By_Uuid

i.Gatt_Read_Charac_By_Uuid_Cb
                0x10043240        0xa
 i.Gatt_Read_Charac_By_Uuid_Cb
                0x10043240        0xa ..\..\..\..\..\..\Library\Bluetooth_LE\library\libbluenrg1_stack.a(gatt_client.o)
                0x10043240                Gatt_Read_Charac_By_Uuid_Cb

i.Gatt_Super_Handler_Task7
                0x1004324c      0x1a8
 i.Gatt_Super_Handler_Task7
                0x1004324c      0x1a8 ..\..\..\..\..\..\Library\Bluetooth_LE\library\libbluenrg1_stack.a(gatt_client.o)
                0x1004324c                Gatt_Super_Handler_Task7

i.aci_att_read_blob_resp_event_push
                0x100433f4       0x68
 i.aci_att_read_blob_resp_event_push
                0x100433f4       0x68 ..\..\..\..\..\..\Library\Bluetooth_LE\library\libbluenrg1_stack.a(gatt_client.o)

i.aci_att_read_multiple_resp_event_push
                0x1004345c       0x64
 i.aci_att_read_multiple_resp_event_push
                0x1004345c       0x64 ..\..\..\..\..\..\Library\Bluetooth_LE\library\libbluenrg1_stack.a(gatt_client.o)

i.aci_att_read_resp_event_push
                0x100434c0       0x68
 i.aci_att_read_resp_event_push
                0x100434c0       0x68 ..\..\..\..\..\..\Library\Bluetooth_LE\library\libbluenrg1_stack.a(gatt_client.o)

i.aci_gatt_disc_read_char_by_uuid_resp_event_push
                0x10043528       0x74
 i.aci_gatt_disc_read_char_by_uuid_resp_event_push
                0x10043528       0x74 ..\..\..\..\..\..\Library\Bluetooth_LE\library\libbluenrg1_stack.a(gatt_client.o)

i.aci_gatt_error_resp_event_push
                0x1004359c       0x64
 i.aci_gatt_error_resp_event_push
                0x1004359c       0x64 ..\..\..\..\..\..\Library\Bluetooth_LE\library\libbluenrg1_stack.a(gatt_client.o)

i.aci_gatt_proc_complete_event_push
                0x10043600       0x48
 i.aci_gatt_proc_complete_event_push
                0x10043600       0x48 ..\..\..\..\..\..\Library\Bluetooth_LE\library\libbluenrg1_stack.a(gatt_client.o)

i.Build_Notif_Or_Ind
                0x10043648       0x46
 i.Build_Notif_Or_Ind
                0x10043648       0x46 ..\..\..\..\..\..\Library\Bluetooth_LE\library\libbluenrg1_stack.a(gatt_server.o)
                0x10043648                Build_Notif_Or_Ind

i.Check_For_Service_Change
                0x10043690      0x30c
 i.Check_For_Service_Change
                0x10043690      0x30c ..\..\..\..\..\..\Library\Bluetooth_LE\library\libbluenrg1_stack.a(gatt_server.o)
                0x10043690                Check_For_Service_Change

i.Find_Attr_Index
                0x1004399c       0x50
 i.Find_Attr_Index
                0x1004399c       0x50 ..\..\..\..\..\..\Library\Bluetooth_LE\library\libbluenrg1_stack.a(gatt_server.o)
                0x1004399c                Find_Attr_Index

i.Find_Timed_Out_Connection
                0x100439ec       0x38
 i.Find_Timed_Out_Connection
                0x100439ec       0x38 ..\..\..\..\..\..\Library\Bluetooth_LE\library\libbluenrg1_stack.a(gatt_server.o)
                0x100439ec                Find_Timed_Out_Connection

i.GATT_Connection_Complete_Handler
                0x10043a24       0x48
 i.GATT_Connection_Complete_Handler
                0x10043a24       0x48 ..\..\..\..\..\..\Library\Bluetooth_LE\library\libbluenrg1_stack.a(gatt_server.o)
                0x10043a24                GATT_Connection_Complete_Handler

i.GATT_Server_Set_Flag
                0x10043a6c       0x14
 i.GATT_Server_Set_Flag
                0x10043a6c       0x14 ..\..\..\..\..\..\Library\Bluetooth_LE\library\libbluenrg1_stack.a(gatt_server.o)

i.GATT_TimeOut_Handler
                0x10043a80       0x1a
 i.GATT_TimeOut_Handler
                0x10043a80       0x1a ..\..\..\..\..\..\Library\Bluetooth_LE\library\libbluenrg1_stack.a(gatt_server.o)
                0x10043a80                GATT_TimeOut_Handler

i.Gatt_Add_Charac_Desc
                0x10043a9c      0x15c
 i.Gatt_Add_Charac_Desc
                0x10043a9c      0x15c ..\..\..\..\..\..\Library\Bluetooth_LE\library\libbluenrg1_stack.a(gatt_server.o)
                0x10043a9c                Gatt_Add_Charac_Desc

i.Gatt_Add_Characteristic
                0x10043bf8      0x330
 i.Gatt_Add_Characteristic
                0x10043bf8      0x330 ..\..\..\..\..\..\Library\Bluetooth_LE\library\libbluenrg1_stack.a(gatt_server.o)
                0x10043bf8                Gatt_Add_Characteristic

i.Gatt_Add_Descriptor
                0x10043f28      0x150
 i.Gatt_Add_Descriptor
                0x10043f28      0x150 ..\..\..\..\..\..\Library\Bluetooth_LE\library\libbluenrg1_stack.a(gatt_server.o)
                0x10043f28                Gatt_Add_Descriptor

i.Gatt_Add_Service
                0x10044078      0x150
 i.Gatt_Add_Service
                0x10044078      0x150 ..\..\..\..\..\..\Library\Bluetooth_LE\library\libbluenrg1_stack.a(gatt_server.o)
                0x10044078                Gatt_Add_Service

i.Gatt_Find_Srv_From_Handle
                0x100441c8       0x28
 i.Gatt_Find_Srv_From_Handle
                0x100441c8       0x28 ..\..\..\..\..\..\Library\Bluetooth_LE\library\libbluenrg1_stack.a(gatt_server.o)
                0x100441c8                Gatt_Find_Srv_From_Handle

i.Gatt_Find_Srv_Owner_Of_Handle
                0x100441f0       0x44
 i.Gatt_Find_Srv_Owner_Of_Handle
                0x100441f0       0x44 ..\..\..\..\..\..\Library\Bluetooth_LE\library\libbluenrg1_stack.a(gatt_server.o)
                0x100441f0                Gatt_Find_Srv_Owner_Of_Handle

i.Gatt_Find_Timed_Out_Connection_Index
                0x10044234       0x38
 i.Gatt_Find_Timed_Out_Connection_Index
                0x10044234       0x38 ..\..\..\..\..\..\Library\Bluetooth_LE\library\libbluenrg1_stack.a(gatt_server.o)
                0x10044234                Gatt_Find_Timed_Out_Connection_Index

i.Gatt_Flush_Pending_AclPacket_Lists
                0x1004426c       0x74
 i.Gatt_Flush_Pending_AclPacket_Lists
                0x1004426c       0x74 ..\..\..\..\..\..\Library\Bluetooth_LE\library\libbluenrg1_stack.a(gatt_server.o)
                0x1004426c                Gatt_Flush_Pending_AclPacket_Lists

i.Gatt_Process_Q
                0x100442e0      0x160
 i.Gatt_Process_Q
                0x100442e0      0x160 ..\..\..\..\..\..\Library\Bluetooth_LE\library\libbluenrg1_stack.a(gatt_server.o)
                0x100442e0                Gatt_Process_Q

i.Gatt_Reset_To_Closed_State
                0x10044440       0xc0
 i.Gatt_Reset_To_Closed_State
                0x10044440       0xc0 ..\..\..\..\..\..\Library\Bluetooth_LE\library\libbluenrg1_stack.a(gatt_server.o)
                0x10044440                Gatt_Reset_To_Closed_State

i.Gatt_Server_Db_Check
                0x10044500       0x4c
 i.Gatt_Server_Db_Check
                0x10044500       0x4c ..\..\..\..\..\..\Library\Bluetooth_LE\library\libbluenrg1_stack.a(gatt_server.o)
                0x10044500                Gatt_Server_Db_Check

i.Gatt_Server_Init
                0x1004454c      0x190
 i.Gatt_Server_Init
                0x1004454c      0x190 ..\..\..\..\..\..\Library\Bluetooth_LE\library\libbluenrg1_stack.a(gatt_server.o)
                0x1004454c                Gatt_Server_Init

i.Gatt_Server_L2C_Handler
                0x100446dc      0x228
 i.Gatt_Server_L2C_Handler
                0x100446dc      0x228 ..\..\..\..\..\..\Library\Bluetooth_LE\library\libbluenrg1_stack.a(gatt_server.o)
                0x100446dc                Gatt_Server_L2C_Handler

i.Gatt_Server_L2C_Handler_ISR
                0x10044904       0x48
 i.Gatt_Server_L2C_Handler_ISR
                0x10044904       0x48 ..\..\..\..\..\..\Library\Bluetooth_LE\library\libbluenrg1_stack.a(gatt_server.o)
                0x10044904                Gatt_Server_L2C_Handler_ISR

i.Gatt_Store_Server_Database_And_Reset_CCCD
                0x1004494c      0x150
 i.Gatt_Store_Server_Database_And_Reset_CCCD
                0x1004494c      0x150 ..\..\..\..\..\..\Library\Bluetooth_LE\library\libbluenrg1_stack.a(gatt_server.o)

i.Gatt_Update_Charac_Value
                0x10044a9c       0x64
 i.Gatt_Update_Charac_Value
                0x10044a9c       0x64 ..\..\..\..\..\..\Library\Bluetooth_LE\library\libbluenrg1_stack.a(gatt_server.o)
                0x10044a9c                Gatt_Update_Charac_Value

i.Gatt_Update_Charac_Value_Ext
                0x10044b00      0x308
 i.Gatt_Update_Charac_Value_Ext
                0x10044b00      0x308 ..\..\..\..\..\..\Library\Bluetooth_LE\library\libbluenrg1_stack.a(gatt_server.o)
                0x10044b00                Gatt_Update_Charac_Value_Ext

i.Ind_Service_Change_Charac
                0x10044e08       0x44
 i.Ind_Service_Change_Charac
                0x10044e08       0x44 ..\..\..\..\..\..\Library\Bluetooth_LE\library\libbluenrg1_stack.a(gatt_server.o)
                0x10044e08                Ind_Service_Change_Charac

i.Process_Peer_Client_Data
                0x10044e4c      0x228
 i.Process_Peer_Client_Data
                0x10044e4c      0x228 ..\..\..\..\..\..\Library\Bluetooth_LE\library\libbluenrg1_stack.a(gatt_server.o)
                0x10044e4c                Process_Peer_Client_Data

i.Process_Peer_Server_Data
                0x10045074      0x210
 i.Process_Peer_Server_Data
                0x10045074      0x210 ..\..\..\..\..\..\Library\Bluetooth_LE\library\libbluenrg1_stack.a(gatt_server.o)
                0x10045074                Process_Peer_Server_Data

i.Search_Service_Handle
                0x10045284       0x28
 i.Search_Service_Handle
                0x10045284       0x28 ..\..\..\..\..\..\Library\Bluetooth_LE\library\libbluenrg1_stack.a(gatt_server.o)
                0x10045284                Search_Service_Handle

i.Select_Next_Notification_Client
                0x100452ac       0x54
 i.Select_Next_Notification_Client
                0x100452ac       0x54 ..\..\..\..\..\..\Library\Bluetooth_LE\library\libbluenrg1_stack.a(gatt_server.o)
                0x100452ac                Select_Next_Notification_Client

i.Send_Notif_Or_Ind
                0x10045300       0x7c
 i.Send_Notif_Or_Ind
                0x10045300       0x7c ..\..\..\..\..\..\Library\Bluetooth_LE\library\libbluenrg1_stack.a(gatt_server.o)
                0x10045300                Send_Notif_Or_Ind

i.store_data    0x1004537c       0x1c
 i.store_data   0x1004537c       0x1c ..\..\..\..\..\..\Library\Bluetooth_LE\library\libbluenrg1_stack.a(gatt_server.o)
                0x1004537c                store_data

i.HAL_Flash_Store_Data
                0x10045398       0x50
 i.HAL_Flash_Store_Data
                0x10045398       0x50 ..\..\..\..\..\..\Library\Bluetooth_LE\library\libbluenrg1_stack.a(hal.o)
                0x10045398                HAL_Flash_Store_Data

i.HAL_Generate_Random_Bytes_To
                0x100453e8       0x20
 i.HAL_Generate_Random_Bytes_To
                0x100453e8       0x20 ..\..\..\..\..\..\Library\Bluetooth_LE\library\libbluenrg1_stack.a(hal.o)
                0x100453e8                HAL_Generate_Random_Bytes_To

i.HAL_Init      0x10045408       0x18
 i.HAL_Init     0x10045408       0x18 ..\..\..\..\..\..\Library\Bluetooth_LE\library\libbluenrg1_stack.a(hal.o)
                0x10045408                HAL_Init

i.HAL_Set_TX_Power_Level
                0x10045420       0x44
 i.HAL_Set_TX_Power_Level
                0x10045420       0x44 ..\..\..\..\..\..\Library\Bluetooth_LE\library\libbluenrg1_stack.a(hal.o)
                0x10045420                HAL_Set_TX_Power_Level

i.HAL_Write_ConfigData
                0x10045464       0x68
 i.HAL_Write_ConfigData
                0x10045464       0x68 ..\..\..\..\..\..\Library\Bluetooth_LE\library\libbluenrg1_stack.a(hal.o)
                0x10045464                HAL_Write_ConfigData

i.Hal_Get_Random_Number
                0x100454cc       0x28
 i.Hal_Get_Random_Number
                0x100454cc       0x28 ..\..\..\..\..\..\Library\Bluetooth_LE\library\libbluenrg1_stack.a(hal.o)
                0x100454cc                Hal_Get_Random_Number

i.Hal_Get_Random_Number32
                0x100454f4       0x12
 i.Hal_Get_Random_Number32
                0x100454f4       0x12 ..\..\..\..\..\..\Library\Bluetooth_LE\library\libbluenrg1_stack.a(hal.o)
                0x100454f4                Hal_Get_Random_Number32

i.char_copy     0x10045506       0x12
 i.char_copy    0x10045506       0x12 ..\..\..\..\..\..\Library\Bluetooth_LE\library\libbluenrg1_stack.a(hal.o)
                0x10045506                char_copy

i.hal_get_hw_version
                0x10045518       0x20
 i.hal_get_hw_version
                0x10045518       0x20 ..\..\..\..\..\..\Library\Bluetooth_LE\library\libbluenrg1_stack.a(hal.o)
                0x10045518                hal_get_hw_version

i.hal_radio_activity_state_callback_check
                0x10045538       0x34
 i.hal_radio_activity_state_callback_check
                0x10045538       0x34 ..\..\..\..\..\..\Library\Bluetooth_LE\library\libbluenrg1_stack.a(hal.o)
                0x10045538                hal_radio_activity_state_callback_check

i.hal_radio_activity_state_init
                0x1004556c       0x1c
 i.hal_radio_activity_state_init
                0x1004556c       0x1c ..\..\..\..\..\..\Library\Bluetooth_LE\library\libbluenrg1_stack.a(hal.o)
                0x1004556c                hal_radio_activity_state_init

i.hal_read_radio_activity_state
                0x10045588       0x40
 i.hal_read_radio_activity_state
                0x10045588       0x40 ..\..\..\..\..\..\Library\Bluetooth_LE\library\libbluenrg1_stack.a(hal.o)
                0x10045588                hal_read_radio_activity_state

i.set_string    0x100455c8       0x10
 i.set_string   0x100455c8       0x10 ..\..\..\..\..\..\Library\Bluetooth_LE\library\libbluenrg1_stack.a(hal.o)
                0x100455c8                set_string

i.Controller_Process_Q
                0x100455d8        0xc
 i.Controller_Process_Q
                0x100455d8        0xc ..\..\..\..\..\..\Library\Bluetooth_LE\library\libbluenrg1_stack.a(hci.o)
                0x100455d8                Controller_Process_Q

i.HCI_Init      0x100455e4       0x54
 i.HCI_Init     0x100455e4       0x54 ..\..\..\..\..\..\Library\Bluetooth_LE\library\libbluenrg1_stack.a(hci.o)
                0x100455e4                HCI_Init

i.PKA_Offline_Processing
                0x10045638       0xbc
 i.PKA_Offline_Processing
                0x10045638       0xbc ..\..\..\..\..\..\Library\Bluetooth_LE\library\libbluenrg1_stack.a(hci.o)
                0x10045638                PKA_Offline_Processing

i.hci_acl_Process_Q
                0x100456f4       0x64
 i.hci_acl_Process_Q
                0x100456f4       0x64 ..\..\..\..\..\..\Library\Bluetooth_LE\library\libbluenrg1_stack.a(hci.o)
                0x100456f4                hci_acl_Process_Q

i.hci_le_generate_dhkey
                0x10045758       0x94
 i.hci_le_generate_dhkey
                0x10045758       0x94 ..\..\..\..\..\..\Library\Bluetooth_LE\library\libbluenrg1_stack.a(hci.o)
                0x10045758                hci_le_generate_dhkey

i.hci_le_generate_dhkey_complete_event_push
                0x100457ec       0x54
 i.hci_le_generate_dhkey_complete_event_push
                0x100457ec       0x54 ..\..\..\..\..\..\Library\Bluetooth_LE\library\libbluenrg1_stack.a(hci.o)

i.hci_le_read_local_p256_public_key
                0x10045840       0x5c
 i.hci_le_read_local_p256_public_key
                0x10045840       0x5c ..\..\..\..\..\..\Library\Bluetooth_LE\library\libbluenrg1_stack.a(hci.o)
                0x10045840                hci_le_read_local_p256_public_key

i.hci_le_read_local_p256_public_key_complete_event_push
                0x1004589c       0x58
 i.hci_le_read_local_p256_public_key_complete_event_push
                0x1004589c       0x58 ..\..\..\..\..\..\Library\Bluetooth_LE\library\libbluenrg1_stack.a(hci.o)

i.hci_le_set_event_mask
                0x100458f4       0x24
 i.hci_le_set_event_mask
                0x100458f4       0x24 ..\..\..\..\..\..\Library\Bluetooth_LE\library\libbluenrg1_stack.a(hci.o)
                0x100458f4                hci_le_set_event_mask

i.hci_le_set_scan_response_data
                0x10045918       0x16
 i.hci_le_set_scan_response_data
                0x10045918       0x16 ..\..\..\..\..\..\Library\Bluetooth_LE\library\libbluenrg1_stack.a(hci.o)
                0x10045918                hci_le_set_scan_response_data

i.hci_rx_acl_data
                0x1004592e       0x5a
 i.hci_rx_acl_data
                0x1004592e       0x5a ..\..\..\..\..\..\Library\Bluetooth_LE\library\libbluenrg1_stack.a(hci.o)
                0x1004592e                hci_rx_acl_data

i.hci_tx_acl_data_done
                0x10045988       0x34
 i.hci_tx_acl_data_done
                0x10045988       0x34 ..\..\..\..\..\..\Library\Bluetooth_LE\library\libbluenrg1_stack.a(hci.o)
                0x10045988                hci_tx_acl_data_done

i.HAL_VTimerAcc_sysT32_ms
                0x100459bc       0x24
 i.HAL_VTimerAcc_sysT32_ms
                0x100459bc       0x24 ..\..\..\..\..\..\Library\Bluetooth_LE\library\libbluenrg1_stack.a(host_timer.o)
                0x100459bc                HAL_VTimerAcc_sysT32_ms

i.HAL_VTimerGetCurrentTime_sysT32
                0x100459e0       0x12
 i.HAL_VTimerGetCurrentTime_sysT32
                0x100459e0       0x12 ..\..\..\..\..\..\Library\Bluetooth_LE\library\libbluenrg1_stack.a(host_timer.o)
                0x100459e0                HAL_VTimerGetCurrentTime_sysT32

i.HAL_VTimerTimeoutCallback
                0x100459f2        0x2
 i.HAL_VTimerTimeoutCallback
                0x100459f2        0x2 ..\..\..\..\..\..\Library\Bluetooth_LE\library\libbluenrg1_stack.a(host_timer.o)
                0x100459f2                HAL_VTimerTimeoutCallback

i.TimerCallback
                0x100459f4       0x7c
 i.TimerCallback
                0x100459f4       0x7c ..\..\..\..\..\..\Library\Bluetooth_LE\library\libbluenrg1_stack.a(host_timer.o)

i.Timer_ExpiryCallback
                0x10045a70       0x14
 i.Timer_ExpiryCallback
                0x10045a70       0x14 ..\..\..\..\..\..\Library\Bluetooth_LE\library\libbluenrg1_stack.a(host_timer.o)
                0x10045a70                Timer_ExpiryCallback

i.Timer_Init    0x10045a84       0x34
 i.Timer_Init   0x10045a84       0x34 ..\..\..\..\..\..\Library\Bluetooth_LE\library\libbluenrg1_stack.a(host_timer.o)
                0x10045a84                Timer_Init

i.Timer_ProcessQ
                0x10045ab8      0x144
 i.Timer_ProcessQ
                0x10045ab8      0x144 ..\..\..\..\..\..\Library\Bluetooth_LE\library\libbluenrg1_stack.a(host_timer.o)
                0x10045ab8                Timer_ProcessQ

i.Timer_StartOneShot
                0x10045bfc       0x22
 i.Timer_StartOneShot
                0x10045bfc       0x22 ..\..\..\..\..\..\Library\Bluetooth_LE\library\libbluenrg1_stack.a(host_timer.o)
                0x10045bfc                Timer_StartOneShot

i.Timer_StartOneShot_sysTime32
                0x10045c20       0x70
 i.Timer_StartOneShot_sysTime32
                0x10045c20       0x70 ..\..\..\..\..\..\Library\Bluetooth_LE\library\libbluenrg1_stack.a(host_timer.o)
                0x10045c20                Timer_StartOneShot_sysTime32

i.Timer_StopOneShot
                0x10045c90       0x54
 i.Timer_StopOneShot
                0x10045c90       0x54 ..\..\..\..\..\..\Library\Bluetooth_LE\library\libbluenrg1_stack.a(host_timer.o)
                0x10045c90                Timer_StopOneShot

i.Timer_sysTime32_convMachineTime
                0x10045ce4       0x20
 i.Timer_sysTime32_convMachineTime
                0x10045ce4       0x20 ..\..\..\..\..\..\Library\Bluetooth_LE\library\libbluenrg1_stack.a(host_timer.o)
                0x10045ce4                Timer_sysTime32_convMachineTime

i.Find_L2cap_conn_index
                0x10045d04       0x38
 i.Find_L2cap_conn_index
                0x10045d04       0x38 ..\..\..\..\..\..\Library\Bluetooth_LE\library\libbluenrg1_stack.a(l2cap.o)

i.Find_L2cap_signalling_connection
                0x10045d3c       0x38
 i.Find_L2cap_signalling_connection
                0x10045d3c       0x38 ..\..\..\..\..\..\Library\Bluetooth_LE\library\libbluenrg1_stack.a(l2cap.o)
                0x10045d3c                Find_L2cap_signalling_connection

i.L2CAP_Get_PDU_Len
                0x10045d74        0xe
 i.L2CAP_Get_PDU_Len
                0x10045d74        0xe ..\..\..\..\..\..\Library\Bluetooth_LE\library\libbluenrg1_stack.a(l2cap.o)
                0x10045d74                L2CAP_Get_PDU_Len

i.L2CAP_Reset_To_Closed_State
                0x10045d84       0x38
 i.L2CAP_Reset_To_Closed_State
                0x10045d84       0x38 ..\..\..\..\..\..\Library\Bluetooth_LE\library\libbluenrg1_stack.a(l2cap.o)
                0x10045d84                L2CAP_Reset_To_Closed_State

i.L2C_Build_Command_Reject_Pdu
                0x10045dbc       0x7a
 i.L2C_Build_Command_Reject_Pdu
                0x10045dbc       0x7a ..\..\..\..\..\..\Library\Bluetooth_LE\library\libbluenrg1_stack.a(l2cap.o)
                0x10045dbc                L2C_Build_Command_Reject_Pdu

i.L2C_Connection_Complete_Handler
                0x10045e36       0x24
 i.L2C_Connection_Complete_Handler
                0x10045e36       0x24 ..\..\..\..\..\..\Library\Bluetooth_LE\library\libbluenrg1_stack.a(l2cap.o)
                0x10045e36                L2C_Connection_Complete_Handler

i.L2C_Connection_Complete_Signal_Handler
                0x10045e5a       0x24
 i.L2C_Connection_Complete_Signal_Handler
                0x10045e5a       0x24 ..\..\..\..\..\..\Library\Bluetooth_LE\library\libbluenrg1_stack.a(l2cap.o)
                0x10045e5a                L2C_Connection_Complete_Signal_Handler

i.L2C_Init      0x10045e80       0x44
 i.L2C_Init     0x10045e80       0x44 ..\..\..\..\..\..\Library\Bluetooth_LE\library\libbluenrg1_stack.a(l2cap.o)
                0x10045e80                L2C_Init

i.L2C_Rcv_Event_Handler
                0x10045ec4       0x3e
 i.L2C_Rcv_Event_Handler
                0x10045ec4       0x3e ..\..\..\..\..\..\Library\Bluetooth_LE\library\libbluenrg1_stack.a(l2cap.o)
                0x10045ec4                L2C_Rcv_Event_Handler

i.L2C_Rcv_Event_Handler_ISR
                0x10045f02       0x5a
 i.L2C_Rcv_Event_Handler_ISR
                0x10045f02       0x5a ..\..\..\..\..\..\Library\Bluetooth_LE\library\libbluenrg1_stack.a(l2cap.o)
                0x10045f02                L2C_Rcv_Event_Handler_ISR

i.L2C_Send_Data
                0x10045f5c       0x2c
 i.L2C_Send_Data
                0x10045f5c       0x2c ..\..\..\..\..\..\Library\Bluetooth_LE\library\libbluenrg1_stack.a(l2cap.o)
                0x10045f5c                L2C_Send_Data

i.L2C_SigChan_Req_TimeOut_Handler
                0x10045f88       0x4c
 i.L2C_SigChan_Req_TimeOut_Handler
                0x10045f88       0x4c ..\..\..\..\..\..\Library\Bluetooth_LE\library\libbluenrg1_stack.a(l2cap.o)
                0x10045f88                L2C_SigChan_Req_TimeOut_Handler

i.L2C_Signal_Channel_Handler
                0x10045fd4      0x19c
 i.L2C_Signal_Channel_Handler
                0x10045fd4      0x19c ..\..\..\..\..\..\Library\Bluetooth_LE\library\libbluenrg1_stack.a(l2cap.o)
                0x10045fd4                L2C_Signal_Channel_Handler

i.L2C_Signal_Channel_Handler_ISR
                0x10046170       0x24
 i.L2C_Signal_Channel_Handler_ISR
                0x10046170       0x24 ..\..\..\..\..\..\Library\Bluetooth_LE\library\libbluenrg1_stack.a(l2cap.o)
                0x10046170                L2C_Signal_Channel_Handler_ISR

i.aci_l2cap_connection_update_req_event_push
                0x10046194       0x88
 i.aci_l2cap_connection_update_req_event_push
                0x10046194       0x88 ..\..\..\..\..\..\Library\Bluetooth_LE\library\libbluenrg1_stack.a(l2cap.o)

i.RAL_Isr       0x1004621c     0x1714
 i.RAL_Isr      0x1004621c     0x1714 ..\..\..\..\..\..\Library\Bluetooth_LE\library\libbluenrg1_stack.a(ll_isr.o)
                0x1004621c                RAL_Isr

i.LL_LE_Clear_White_List
                0x10047930       0x20
 i.LL_LE_Clear_White_List
                0x10047930       0x20 ..\..\..\..\..\..\Library\Bluetooth_LE\library\libbluenrg1_stack.a(ll_privacy.o)
                0x10047930                LL_LE_Clear_White_List

i.LL_LE_Set_Address_Resolution_Enable
                0x10047950       0x24
 i.LL_LE_Set_Address_Resolution_Enable
                0x10047950       0x24 ..\..\..\..\..\..\Library\Bluetooth_LE\library\libbluenrg1_stack.a(ll_privacy.o)
                0x10047950                LL_LE_Set_Address_Resolution_Enable

i.LL_LE_Set_Resolvable_Private_Address_Timeout
                0x10047974       0x1c
 i.LL_LE_Set_Resolvable_Private_Address_Timeout
                0x10047974       0x1c ..\..\..\..\..\..\Library\Bluetooth_LE\library\libbluenrg1_stack.a(ll_privacy.o)
                0x10047974                LL_LE_Set_Resolvable_Private_Address_Timeout

i.PRIVWHIT_u8AddAddrInList
                0x10047990      0x1d8
 i.PRIVWHIT_u8AddAddrInList
                0x10047990      0x1d8 ..\..\..\..\..\..\Library\Bluetooth_LE\library\libbluenrg1_stack.a(ll_privacy.o)
                0x10047990                PRIVWHIT_u8AddAddrInList

i.PRIVWHIT_u8RemoveAddrInList
                0x10047b68       0xc8
 i.PRIVWHIT_u8RemoveAddrInList
                0x10047b68       0xc8 ..\..\..\..\..\..\Library\Bluetooth_LE\library\libbluenrg1_stack.a(ll_privacy.o)
                0x10047b68                PRIVWHIT_u8RemoveAddrInList

i.PRIVWHIT_u8SearchAddrInList
                0x10047c30       0xa0
 i.PRIVWHIT_u8SearchAddrInList
                0x10047c30       0xa0 ..\..\..\..\..\..\Library\Bluetooth_LE\library\libbluenrg1_stack.a(ll_privacy.o)
                0x10047c30                PRIVWHIT_u8SearchAddrInList

i.PRIVWHIT_vInit_Struct
                0x10047cd0       0x78
 i.PRIVWHIT_vInit_Struct
                0x10047cd0       0x78 ..\..\..\..\..\..\Library\Bluetooth_LE\library\libbluenrg1_stack.a(ll_privacy.o)
                0x10047cd0                PRIVWHIT_vInit_Struct

i.PRIV_SearchAddrInWhiteList
                0x10047d48       0x48
 i.PRIV_SearchAddrInWhiteList
                0x10047d48       0x48 ..\..\..\..\..\..\Library\Bluetooth_LE\library\libbluenrg1_stack.a(ll_privacy.o)
                0x10047d48                PRIV_SearchAddrInWhiteList

i.PRIV_u32ProcessAdvPacket
                0x10047d90      0x698
 i.PRIV_u32ProcessAdvPacket
                0x10047d90      0x698 ..\..\..\..\..\..\Library\Bluetooth_LE\library\libbluenrg1_stack.a(ll_privacy.o)
                0x10047d90                PRIV_u32ProcessAdvPacket

i.PRIV_u8OfflineProcessing
                0x10048428      0x1f8
 i.PRIV_u8OfflineProcessing
                0x10048428      0x1f8 ..\..\..\..\..\..\Library\Bluetooth_LE\library\libbluenrg1_stack.a(ll_privacy.o)
                0x10048428                PRIV_u8OfflineProcessing

i.PRIV_u8ResolvePrivateAddress
                0x10048620       0xf0
 i.PRIV_u8ResolvePrivateAddress
                0x10048620       0xf0 ..\..\..\..\..\..\Library\Bluetooth_LE\library\libbluenrg1_stack.a(ll_privacy.o)
                0x10048620                PRIV_u8ResolvePrivateAddress

i.PRIV_vGeneratePrivateAddress
                0x10048710       0x62
 i.PRIV_vGeneratePrivateAddress
                0x10048710       0x62 ..\..\..\..\..\..\Library\Bluetooth_LE\library\libbluenrg1_stack.a(ll_privacy.o)
                0x10048710                PRIV_vGeneratePrivateAddress

i.read_rssi     0x10048774       0x70
 i.read_rssi    0x10048774       0x70 ..\..\..\..\..\..\Library\Bluetooth_LE\library\libbluenrg1_stack.a(ll_routines.o)
                0x10048774                read_rssi

i.LL_Enable_Disable_Scan
                0x100487e4      0x260
 i.LL_Enable_Disable_Scan
                0x100487e4      0x260 ..\..\..\..\..\..\Library\Bluetooth_LE\library\libbluenrg1_stack.a(ll_routines_master.o)
                0x100487e4                LL_Enable_Disable_Scan

i.Reclassify_All_Channels
                0x10048a44       0xc0
 i.Reclassify_All_Channels
                0x10048a44       0xc0 ..\..\..\..\..\..\Library\Bluetooth_LE\library\libbluenrg1_stack.a(ll_routines_master.o)
                0x10048a44                Reclassify_All_Channels

i.hci_encryption_change_event_push
                0x10048b04       0x4c
 i.hci_encryption_change_event_push
                0x10048b04       0x4c ..\..\..\..\..\..\Library\Bluetooth_LE\library\libbluenrg1_stack.a(ll_routines_master.o)

i.hci_encryption_key_refresh_complete_event_push
                0x10048b50       0x48
 i.hci_encryption_key_refresh_complete_event_push
                0x10048b50       0x48 ..\..\..\..\..\..\Library\Bluetooth_LE\library\libbluenrg1_stack.a(ll_routines_master.o)

i.hci_le_advertising_report_event_push
                0x10048b98       0x80
 i.hci_le_advertising_report_event_push
                0x10048b98       0x80 ..\..\..\..\..\..\Library\Bluetooth_LE\library\libbluenrg1_stack.a(ll_routines_master.o)

i.hci_le_connection_complete_event_push
                0x10048c18       0x78
 i.hci_le_connection_complete_event_push
                0x10048c18       0x78 ..\..\..\..\..\..\Library\Bluetooth_LE\library\libbluenrg1_stack.a(ll_routines_master.o)

i.hci_le_connection_update_complete_event_push
                0x10048c90       0x58
 i.hci_le_connection_update_complete_event_push
                0x10048c90       0x58 ..\..\..\..\..\..\Library\Bluetooth_LE\library\libbluenrg1_stack.a(ll_routines_master.o)

i.hci_le_direct_advertising_report_event_push
                0x10048ce8       0x74
 i.hci_le_direct_advertising_report_event_push
                0x10048ce8       0x74 ..\..\..\..\..\..\Library\Bluetooth_LE\library\libbluenrg1_stack.a(ll_routines_master.o)

i.hci_le_enhanced_connection_complete_event_push
                0x10048d5c       0x90
 i.hci_le_enhanced_connection_complete_event_push
                0x10048d5c       0x90 ..\..\..\..\..\..\Library\Bluetooth_LE\library\libbluenrg1_stack.a(ll_routines_master.o)

i.isr_event_handler_patched
                0x10048dec      0x8bc
 i.isr_event_handler_patched
                0x10048dec      0x8bc ..\..\..\..\..\..\Library\Bluetooth_LE\library\libbluenrg1_stack.a(ll_routines_master.o)
                0x10048dec                isr_event_handler_patched

i.LL_Encrypt_Plain_Data
                0x100496a8       0x54
 i.LL_Encrypt_Plain_Data
                0x100496a8       0x54 ..\..\..\..\..\..\Library\Bluetooth_LE\library\libbluenrg1_stack.a(ll_routines_support.o)
                0x100496a8                LL_Encrypt_Plain_Data

i.LL_Get_LTK    0x100496fc       0xd4
 i.LL_Get_LTK   0x100496fc       0xd4 ..\..\..\..\..\..\Library\Bluetooth_LE\library\libbluenrg1_stack.a(ll_routines_support.o)
                0x100496fc                LL_Get_LTK

i.Dynamic_allocator
                0x100497d0      0x270
 i.Dynamic_allocator
                0x100497d0      0x270 ..\..\..\..\..\..\Library\Bluetooth_LE\library\libbluenrg1_stack.a(mem_alloc.o)
                0x100497d0                Dynamic_allocator

i.Dynamic_allocator_noRet
                0x10049a40        0x2
 i.Dynamic_allocator_noRet
                0x10049a40        0x2 ..\..\..\..\..\..\Library\Bluetooth_LE\library\libbluenrg1_stack.a(mem_alloc.o)
                0x10049a40                Dynamic_allocator_noRet

i.Mem_assign    0x10049a42       0x16
 i.Mem_assign   0x10049a42       0x16 ..\..\..\..\..\..\Library\Bluetooth_LE\library\libbluenrg1_stack.a(mem_alloc.o)

i.mem_alloc_ctx_init
                0x10049a58       0xa8
 i.mem_alloc_ctx_init
                0x10049a58       0xa8 ..\..\..\..\..\..\Library\Bluetooth_LE\library\libbluenrg1_stack.a(mem_alloc.o)
                0x10049a58                mem_alloc_ctx_init

i.adapt_slot    0x10049b00      0x258
 i.adapt_slot   0x10049b00      0x258 ..\..\..\..\..\..\Library\Bluetooth_LE\library\libbluenrg1_stack.a(multi_master_time.o)

i.advance_slave_timing_MultiSlave
                0x10049d58      0x438
 i.advance_slave_timing_MultiSlave
                0x10049d58      0x438 ..\..\..\..\..\..\Library\Bluetooth_LE\library\libbluenrg1_stack.a(multi_master_time.o)
                0x10049d58                advance_slave_timing_MultiSlave

i.anchor_replace
                0x1004a190       0x50
 i.anchor_replace
                0x1004a190       0x50 ..\..\..\..\..\..\Library\Bluetooth_LE\library\libbluenrg1_stack.a(multi_master_time.o)
                0x1004a190                anchor_replace

i.cancel_current_master
                0x1004a1e0      0x19c
 i.cancel_current_master
                0x1004a1e0      0x19c ..\..\..\..\..\..\Library\Bluetooth_LE\library\libbluenrg1_stack.a(multi_master_time.o)
                0x1004a1e0                cancel_current_master

i.get_advertiser
                0x1004a37c       0x48
 i.get_advertiser
                0x1004a37c       0x48 ..\..\..\..\..\..\Library\Bluetooth_LE\library\libbluenrg1_stack.a(multi_master_time.o)
                0x1004a37c                get_advertiser

i.get_connection_no
                0x1004a3c4       0x84
 i.get_connection_no
                0x1004a3c4       0x84 ..\..\..\..\..\..\Library\Bluetooth_LE\library\libbluenrg1_stack.a(multi_master_time.o)
                0x1004a3c4                get_connection_no

i.get_next_free_slot
                0x1004a448       0x34
 i.get_next_free_slot
                0x1004a448       0x34 ..\..\..\..\..\..\Library\Bluetooth_LE\library\libbluenrg1_stack.a(multi_master_time.o)
                0x1004a448                get_next_free_slot

i.get_scan_connection
                0x1004a47c       0x48
 i.get_scan_connection
                0x1004a47c       0x48 ..\..\..\..\..\..\Library\Bluetooth_LE\library\libbluenrg1_stack.a(multi_master_time.o)
                0x1004a47c                get_scan_connection

i.is_slave      0x1004a4c4       0x34
 i.is_slave     0x1004a4c4       0x34 ..\..\..\..\..\..\Library\Bluetooth_LE\library\libbluenrg1_stack.a(multi_master_time.o)
                0x1004a4c4                is_slave

i.nsar_init     0x1004a4f8       0x18
 i.nsar_init    0x1004a4f8       0x18 ..\..\..\..\..\..\Library\Bluetooth_LE\library\libbluenrg1_stack.a(multi_master_time.o)
                0x1004a4f8                nsar_init

i.nsar_insertSlotListEntry
                0x1004a510       0x1c
 i.nsar_insertSlotListEntry
                0x1004a510       0x1c ..\..\..\..\..\..\Library\Bluetooth_LE\library\libbluenrg1_stack.a(multi_master_time.o)

i.nsar_searchBestFreeSlot
                0x1004a52c       0xac
 i.nsar_searchBestFreeSlot
                0x1004a52c       0xac ..\..\..\..\..\..\Library\Bluetooth_LE\library\libbluenrg1_stack.a(multi_master_time.o)

i.nsar_updateBestFreeSlot
                0x1004a5d8       0x22
 i.nsar_updateBestFreeSlot
                0x1004a5d8       0x22 ..\..\..\..\..\..\Library\Bluetooth_LE\library\libbluenrg1_stack.a(multi_master_time.o)

i.nsar_updateSlotListEntry
                0x1004a5fc       0x6c
 i.nsar_updateSlotListEntry
                0x1004a5fc       0x6c ..\..\..\..\..\..\Library\Bluetooth_LE\library\libbluenrg1_stack.a(multi_master_time.o)

i.request_scan_slot
                0x1004a668       0x88
 i.request_scan_slot
                0x1004a668       0x88 ..\..\..\..\..\..\Library\Bluetooth_LE\library\libbluenrg1_stack.a(multi_master_time.o)
                0x1004a668                request_scan_slot

i.schedule_advertise_slot
                0x1004a6f0       0x94
 i.schedule_advertise_slot
                0x1004a6f0       0x94 ..\..\..\..\..\..\Library\Bluetooth_LE\library\libbluenrg1_stack.a(multi_master_time.o)
                0x1004a6f0                schedule_advertise_slot

i.start_timebase
                0x1004a784       0xa0
 i.start_timebase
                0x1004a784       0xa0 ..\..\..\..\..\..\Library\Bluetooth_LE\library\libbluenrg1_stack.a(multi_master_time.o)
                0x1004a784                start_timebase

i.swap_char     0x1004a824        0xa
 i.swap_char    0x1004a824        0xa ..\..\..\..\..\..\Library\Bluetooth_LE\library\libbluenrg1_stack.a(multi_master_time.o)

i.swap_short_int
                0x1004a82e        0xa
 i.swap_short_int
                0x1004a82e        0xa ..\..\..\..\..\..\Library\Bluetooth_LE\library\libbluenrg1_stack.a(multi_master_time.o)

i.timebase_start_connect
                0x1004a838       0x40
 i.timebase_start_connect
                0x1004a838       0x40 ..\..\..\..\..\..\Library\Bluetooth_LE\library\libbluenrg1_stack.a(multi_master_time.o)
                0x1004a838                timebase_start_connect

i.Flash_Write_Flagged
                0x1004a878       0x3c
 i.Flash_Write_Flagged
                0x1004a878       0x3c ..\..\..\..\..\..\Library\Bluetooth_LE\library\libbluenrg1_stack.a(nvm.o)
                0x1004a878                Flash_Write_Flagged

i.Is_Flash_Write_On_Going
                0x1004a8b4       0x10
 i.Is_Flash_Write_On_Going
                0x1004a8b4       0x10 ..\..\..\..\..\..\Library\Bluetooth_LE\library\libbluenrg1_stack.a(nvm.o)
                0x1004a8b4                Is_Flash_Write_On_Going

i.PKA_Generate_ECDH_Public_Key
                0x1004a8c4       0xc4
 i.PKA_Generate_ECDH_Public_Key
                0x1004a8c4       0xc4 ..\..\..\..\..\..\Library\Bluetooth_LE\library\libbluenrg1_stack.a(pka.o)
                0x1004a8c4                PKA_Generate_ECDH_Public_Key

i.PKA_Get_Current_Operation
                0x1004a988       0x14
 i.PKA_Get_Current_Operation
                0x1004a988       0x14 ..\..\..\..\..\..\Library\Bluetooth_LE\library\libbluenrg1_stack.a(pka.o)
                0x1004a988                PKA_Get_Current_Operation

i.PKA_Start_Generate_DHKey
                0x1004a99c       0x30
 i.PKA_Start_Generate_DHKey
                0x1004a99c       0x30 ..\..\..\..\..\..\Library\Bluetooth_LE\library\libbluenrg1_stack.a(pka.o)
                0x1004a99c                PKA_Start_Generate_DHKey

i.Acl_Clone_Fragment
                0x1004a9cc       0x20
 i.Acl_Clone_Fragment
                0x1004a9cc       0x20 ..\..\..\..\..\..\Library\Bluetooth_LE\library\libbluenrg1_stack.a(pm.o)
                0x1004a9cc                Acl_Clone_Fragment

i.Acl_Copy_Data
                0x1004a9ec       0x82
 i.Acl_Copy_Data
                0x1004a9ec       0x82 ..\..\..\..\..\..\Library\Bluetooth_LE\library\libbluenrg1_stack.a(pm.o)

i.Acl_Get_Last  0x1004aa6e        0xc
 i.Acl_Get_Last
                0x1004aa6e        0xc ..\..\..\..\..\..\Library\Bluetooth_LE\library\libbluenrg1_stack.a(pm.o)
                0x1004aa6e                Acl_Get_Last

i.Acl_Get_Pack_Off
                0x1004aa7a       0x18
 i.Acl_Get_Pack_Off
                0x1004aa7a       0x18 ..\..\..\..\..\..\Library\Bluetooth_LE\library\libbluenrg1_stack.a(pm.o)
                0x1004aa7a                Acl_Get_Pack_Off

i.PM_Append_Fragment
                0x1004aa92       0x10
 i.PM_Append_Fragment
                0x1004aa92       0x10 ..\..\..\..\..\..\Library\Bluetooth_LE\library\libbluenrg1_stack.a(pm.o)
                0x1004aa92                PM_Append_Fragment

i.PM_Clone_Pckt
                0x1004aaa2       0x2a
 i.PM_Clone_Pckt
                0x1004aaa2       0x2a ..\..\..\..\..\..\Library\Bluetooth_LE\library\libbluenrg1_stack.a(pm.o)
                0x1004aaa2                PM_Clone_Pckt

i.PM_Copy_Pckt_Data
                0x1004aacc       0x14
 i.PM_Copy_Pckt_Data
                0x1004aacc       0x14 ..\..\..\..\..\..\Library\Bluetooth_LE\library\libbluenrg1_stack.a(pm.o)
                0x1004aacc                PM_Copy_Pckt_Data

i.PM_Eng_Config
                0x1004aae0       0x18
 i.PM_Eng_Config
                0x1004aae0       0x18 ..\..\..\..\..\..\Library\Bluetooth_LE\library\libbluenrg1_stack.a(pm.o)
                0x1004aae0                PM_Eng_Config

i.PM_Extend_Pckt_Pdu_Size
                0x1004aaf8       0x36
 i.PM_Extend_Pckt_Pdu_Size
                0x1004aaf8       0x36 ..\..\..\..\..\..\Library\Bluetooth_LE\library\libbluenrg1_stack.a(pm.o)
                0x1004aaf8                PM_Extend_Pckt_Pdu_Size

i.PM_Get_Available_Fragments
                0x1004ab30       0x38
 i.PM_Get_Available_Fragments
                0x1004ab30       0x38 ..\..\..\..\..\..\Library\Bluetooth_LE\library\libbluenrg1_stack.a(pm.o)
                0x1004ab30                PM_Get_Available_Fragments

i.PM_Get_Fragments_Count
                0x1004ab68       0x12
 i.PM_Get_Fragments_Count
                0x1004ab68       0x12 ..\..\..\..\..\..\Library\Bluetooth_LE\library\libbluenrg1_stack.a(pm.o)
                0x1004ab68                PM_Get_Fragments_Count

i.PM_Get_Pckt   0x1004ab7c       0x80
 i.PM_Get_Pckt  0x1004ab7c       0x80 ..\..\..\..\..\..\Library\Bluetooth_LE\library\libbluenrg1_stack.a(pm.o)
                0x1004ab7c                PM_Get_Pckt

i.PM_Init       0x1004abfc       0x70
 i.PM_Init      0x1004abfc       0x70 ..\..\..\..\..\..\Library\Bluetooth_LE\library\libbluenrg1_stack.a(pm.o)
                0x1004abfc                PM_Init

i.PM_Pckt_Cmp   0x1004ac6c       0x6a
 i.PM_Pckt_Cmp  0x1004ac6c       0x6a ..\..\..\..\..\..\Library\Bluetooth_LE\library\libbluenrg1_stack.a(pm.o)
                0x1004ac6c                PM_Pckt_Cmp

i.PM_Release_Pckt
                0x1004acd8       0x5c
 i.PM_Release_Pckt
                0x1004acd8       0x5c ..\..\..\..\..\..\Library\Bluetooth_LE\library\libbluenrg1_stack.a(pm.o)
                0x1004acd8                PM_Release_Pckt

i.PM_Set_Att_Pdu_Length
                0x1004ad34       0x50
 i.PM_Set_Att_Pdu_Length
                0x1004ad34       0x50 ..\..\..\..\..\..\Library\Bluetooth_LE\library\libbluenrg1_stack.a(pm.o)
                0x1004ad34                PM_Set_Att_Pdu_Length

i.PM_Set_ConnHandle
                0x1004ad84        0xc
 i.PM_Set_ConnHandle
                0x1004ad84        0xc ..\..\..\..\..\..\Library\Bluetooth_LE\library\libbluenrg1_stack.a(pm.o)
                0x1004ad84                PM_Set_ConnHandle

i.PM_Write_Pckt_Data
                0x1004ad90       0x14
 i.PM_Write_Pckt_Data
                0x1004ad90       0x14 ..\..\..\..\..\..\Library\Bluetooth_LE\library\libbluenrg1_stack.a(pm.o)
                0x1004ad90                PM_Write_Pckt_Data

i.Accu_Handles_Requiring_Auth
                0x1004ada4       0x6e
 i.Accu_Handles_Requiring_Auth
                0x1004ada4       0x6e ..\..\..\..\..\..\Library\Bluetooth_LE\library\libbluenrg1_stack.a(rom_att.o)
                0x1004ada4                Accu_Handles_Requiring_Auth

i.Accu_UuidTypes_Requiring_Auth
                0x1004ae12       0xe8
 i.Accu_UuidTypes_Requiring_Auth
                0x1004ae12       0xe8 ..\..\..\..\..\..\Library\Bluetooth_LE\library\libbluenrg1_stack.a(rom_att.o)
                0x1004ae12                Accu_UuidTypes_Requiring_Auth

i.Att_Send_Read_Blob_Req_Pdu
                0x1004aefa       0x4e
 i.Att_Send_Read_Blob_Req_Pdu
                0x1004aefa       0x4e ..\..\..\..\..\..\Library\Bluetooth_LE\library\libbluenrg1_stack.a(rom_att.o)
                0x1004aefa                Att_Send_Read_Blob_Req_Pdu

i.Att_Send_Read_By_Typ_Req_Pdu
                0x1004af48       0x7c
 i.Att_Send_Read_By_Typ_Req_Pdu
                0x1004af48       0x7c ..\..\..\..\..\..\Library\Bluetooth_LE\library\libbluenrg1_stack.a(rom_att.o)
                0x1004af48                Att_Send_Read_By_Typ_Req_Pdu

i.Check_Permission
                0x1004afc4       0x9c
 i.Check_Permission
                0x1004afc4       0x9c ..\..\..\..\..\..\Library\Bluetooth_LE\library\libbluenrg1_stack.a(rom_att.o)
                0x1004afc4                Check_Permission

i.Exchg_Mtu_Resp
                0x1004b060       0xb4
 i.Exchg_Mtu_Resp
                0x1004b060       0xb4 ..\..\..\..\..\..\Library\Bluetooth_LE\library\libbluenrg1_stack.a(rom_att.o)
                0x1004b060                Exchg_Mtu_Resp

i.Find_Info_Resp
                0x1004b114      0x206
 i.Find_Info_Resp
                0x1004b114      0x206 ..\..\..\..\..\..\Library\Bluetooth_LE\library\libbluenrg1_stack.a(rom_att.o)
                0x1004b114                Find_Info_Resp

i.GATT_Clear_Flag
                0x1004b31a        0x8
 i.GATT_Clear_Flag
                0x1004b31a        0x8 ..\..\..\..\..\..\Library\Bluetooth_LE\library\libbluenrg1_stack.a(rom_att.o)
                0x1004b31a                GATT_Clear_Flag

i.GATT_Set_Flag
                0x1004b322        0x8
 i.GATT_Set_Flag
                0x1004b322        0x8 ..\..\..\..\..\..\Library\Bluetooth_LE\library\libbluenrg1_stack.a(rom_att.o)
                0x1004b322                GATT_Set_Flag

i.Send_Error_Resp
                0x1004b32a       0x30
 i.Send_Error_Resp
                0x1004b32a       0x30 ..\..\..\..\..\..\Library\Bluetooth_LE\library\libbluenrg1_stack.a(rom_att.o)
                0x1004b32a                Send_Error_Resp

i.GAP_Privacy1v2
                0x1004b35c      0x1c8
 i.GAP_Privacy1v2
                0x1004b35c      0x1c8 ..\..\..\..\..\..\Library\Bluetooth_LE\library\libbluenrg1_stack.a(rom_gap.o)
                0x1004b35c                GAP_Privacy1v2

i.GAP_PrivateAddrTimercb
                0x1004b524       0x44
 i.GAP_PrivateAddrTimercb
                0x1004b524       0x44 ..\..\..\..\..\..\Library\Bluetooth_LE\library\libbluenrg1_stack.a(rom_gap.o)
                0x1004b524                GAP_PrivateAddrTimercb

i.GapIsPrivacySupported
                0x1004b568       0x14
 i.GapIsPrivacySupported
                0x1004b568       0x14 ..\..\..\..\..\..\Library\Bluetooth_LE\library\libbluenrg1_stack.a(rom_gap.o)
                0x1004b568                GapIsPrivacySupported

i.Generate_Non_Resolvable_Private_Address
                0x1004b57c       0x88
 i.Generate_Non_Resolvable_Private_Address
                0x1004b57c       0x88 ..\..\..\..\..\..\Library\Bluetooth_LE\library\libbluenrg1_stack.a(rom_gap.o)
                0x1004b57c                Generate_Non_Resolvable_Private_Address

i.GAP_Notify_Add_Charac
                0x1004b604       0x98
 i.GAP_Notify_Add_Charac
                0x1004b604       0x98 ..\..\..\..\..\..\Library\Bluetooth_LE\library\libbluenrg1_stack.a(rom_gap_rom.o)
                0x1004b604                GAP_Notify_Add_Charac

i.Get_GAP_Handle
                0x1004b69c       0x10
 i.Get_GAP_Handle
                0x1004b69c       0x10 ..\..\..\..\..\..\Library\Bluetooth_LE\library\libbluenrg1_stack.a(rom_gap_rom.o)
                0x1004b69c                Get_GAP_Handle

i.Get_StaticRandAddr
                0x1004b6ac       0x14
 i.Get_StaticRandAddr
                0x1004b6ac       0x14 ..\..\..\..\..\..\Library\Bluetooth_LE\library\libbluenrg1_stack.a(rom_gap_rom.o)
                0x1004b6ac                Get_StaticRandAddr

i.Check_Encry_Key_Size
                0x1004b6c0       0x18
 i.Check_Encry_Key_Size
                0x1004b6c0       0x18 ..\..\..\..\..\..\Library\Bluetooth_LE\library\libbluenrg1_stack.a(rom_gatt_server.o)
                0x1004b6c0                Check_Encry_Key_Size

i.Check_Serv_Chng_Charac_Ind_Not
                0x1004b6d8       0x80
 i.Check_Serv_Chng_Charac_Ind_Not
                0x1004b6d8       0x80 ..\..\..\..\..\..\Library\Bluetooth_LE\library\libbluenrg1_stack.a(rom_gatt_server.o)
                0x1004b6d8                Check_Serv_Chng_Charac_Ind_Not

i.Fetch_Handle  0x1004b758       0x3c
 i.Fetch_Handle
                0x1004b758       0x3c ..\..\..\..\..\..\Library\Bluetooth_LE\library\libbluenrg1_stack.a(rom_gatt_server.o)
                0x1004b758                Fetch_Handle

i.GATT_Num_Charac_Present
                0x1004b794       0x3a
 i.GATT_Num_Charac_Present
                0x1004b794       0x3a ..\..\..\..\..\..\Library\Bluetooth_LE\library\libbluenrg1_stack.a(rom_gatt_server.o)
                0x1004b794                GATT_Num_Charac_Present

i.Search_Handle
                0x1004b7ce       0x1e
 i.Search_Handle
                0x1004b7ce       0x1e ..\..\..\..\..\..\Library\Bluetooth_LE\library\libbluenrg1_stack.a(rom_gatt_server.o)
                0x1004b7ce                Search_Handle

i.Start_Gatt_Timer
                0x1004b7ec       0x24
 i.Start_Gatt_Timer
                0x1004b7ec       0x24 ..\..\..\..\..\..\Library\Bluetooth_LE\library\libbluenrg1_stack.a(rom_gatt_server.o)
                0x1004b7ec                Start_Gatt_Timer

i.Stop_Gatt_Timer
                0x1004b810       0x1c
 i.Stop_Gatt_Timer
                0x1004b810       0x1c ..\..\..\..\..\..\Library\Bluetooth_LE\library\libbluenrg1_stack.a(rom_gatt_server.o)
                0x1004b810                Stop_Gatt_Timer

i.List_Circular_Get_Size
                0x1004b82c       0x12
 i.List_Circular_Get_Size
                0x1004b82c       0x12 ..\..\..\..\..\..\Library\Bluetooth_LE\library\libbluenrg1_stack.a(rom_list.o)
                0x1004b82c                List_Circular_Get_Size

i.List_Circular_Insert_Head
                0x1004b83e        0xe
 i.List_Circular_Insert_Head
                0x1004b83e        0xe ..\..\..\..\..\..\Library\Bluetooth_LE\library\libbluenrg1_stack.a(rom_list.o)
                0x1004b83e                List_Circular_Insert_Head

i.List_Circular_Insert_Tail
                0x1004b84c        0xe
 i.List_Circular_Insert_Tail
                0x1004b84c        0xe ..\..\..\..\..\..\Library\Bluetooth_LE\library\libbluenrg1_stack.a(rom_list.o)
                0x1004b84c                List_Circular_Insert_Tail

i.List_Circular_Node_Present
                0x1004b85a       0x16
 i.List_Circular_Node_Present
                0x1004b85a       0x16 ..\..\..\..\..\..\Library\Bluetooth_LE\library\libbluenrg1_stack.a(rom_list.o)
                0x1004b85a                List_Circular_Node_Present

i.List_Circular_Remove_Head
                0x1004b870       0x1a
 i.List_Circular_Remove_Head
                0x1004b870       0x1a ..\..\..\..\..\..\Library\Bluetooth_LE\library\libbluenrg1_stack.a(rom_list.o)
                0x1004b870                List_Circular_Remove_Head

i.List_Circular_Remove_Node
                0x1004b88a       0x20
 i.List_Circular_Remove_Node
                0x1004b88a       0x20 ..\..\..\..\..\..\Library\Bluetooth_LE\library\libbluenrg1_stack.a(rom_list.o)
                0x1004b88a                List_Circular_Remove_Node

i.isr_postproc1
                0x1004b8ac      0x14c
 i.isr_postproc1
                0x1004b8ac      0x14c ..\..\..\..\..\..\Library\Bluetooth_LE\library\libbluenrg1_stack.a(rom_ll_isr_postproc.o)
                0x1004b8ac                isr_postproc1

i.isr_postproc_encrypt_data
                0x1004b9f8       0x16
 i.isr_postproc_encrypt_data
                0x1004b9f8       0x16 ..\..\..\..\..\..\Library\Bluetooth_LE\library\libbluenrg1_stack.a(rom_ll_isr_postproc.o)
                0x1004b9f8                isr_postproc_encrypt_data

i.LL_update_proc
                0x1004ba10       0x58
 i.LL_update_proc
                0x1004ba10       0x58 ..\..\..\..\..\..\Library\Bluetooth_LE\library\libbluenrg1_stack.a(rom_ll_isr_routines.o)
                0x1004ba10                LL_update_proc

i.cancel_master
                0x1004ba68      0x100
 i.cancel_master
                0x1004ba68      0x100 ..\..\..\..\..\..\Library\Bluetooth_LE\library\libbluenrg1_stack.a(rom_ll_isr_routines.o)
                0x1004ba68                cancel_master

i.get_adv_addr  0x1004bb68       0x2c
 i.get_adv_addr
                0x1004bb68       0x2c ..\..\..\..\..\..\Library\Bluetooth_LE\library\libbluenrg1_stack.a(rom_ll_isr_routines.o)
                0x1004bb68                get_adv_addr

i.get_scan_addr
                0x1004bb94       0x2e
 i.get_scan_addr
                0x1004bb94       0x2e ..\..\..\..\..\..\Library\Bluetooth_LE\library\libbluenrg1_stack.a(rom_ll_isr_routines.o)
                0x1004bb94                get_scan_addr

i.go_to_connect
                0x1004bbc4      0x278
 i.go_to_connect
                0x1004bbc4      0x278 ..\..\..\..\..\..\Library\Bluetooth_LE\library\libbluenrg1_stack.a(rom_ll_isr_routines.o)
                0x1004bbc4                go_to_connect

i.unpack_channel_map
                0x1004be3c       0x38
 i.unpack_channel_map
                0x1004be3c       0x38 ..\..\..\..\..\..\Library\Bluetooth_LE\library\libbluenrg1_stack.a(rom_ll_isr_routines.o)
                0x1004be3c                unpack_channel_map

i.unpack_update_request
                0x1004be74       0x46
 i.unpack_update_request
                0x1004be74       0x46 ..\..\..\..\..\..\Library\Bluetooth_LE\library\libbluenrg1_stack.a(rom_ll_isr_routines.o)
                0x1004be74                unpack_update_request

i.Is_Address_Initialized
                0x1004beba       0x16
 i.Is_Address_Initialized
                0x1004beba       0x16 ..\..\..\..\..\..\Library\Bluetooth_LE\library\libbluenrg1_stack.a(rom_ll_ll_routines.o)
                0x1004beba                Is_Address_Initialized

i.LL_Allow_Address_Setting
                0x1004bed0       0x42
 i.LL_Allow_Address_Setting
                0x1004bed0       0x42 ..\..\..\..\..\..\Library\Bluetooth_LE\library\libbluenrg1_stack.a(rom_ll_ll_routines.o)
                0x1004bed0                LL_Allow_Address_Setting

i.LL_Check_And_Set_Addresses
                0x1004bf14      0x1c4
 i.LL_Check_And_Set_Addresses
                0x1004bf14      0x1c4 ..\..\..\..\..\..\Library\Bluetooth_LE\library\libbluenrg1_stack.a(rom_ll_ll_routines.o)
                0x1004bf14                LL_Check_And_Set_Addresses

i.LL_Enable_Disable_Adv
                0x1004c0d8      0x1cc
 i.LL_Enable_Disable_Adv
                0x1004c0d8      0x1cc ..\..\..\..\..\..\Library\Bluetooth_LE\library\libbluenrg1_stack.a(rom_ll_ll_routines.o)
                0x1004c0d8                LL_Enable_Disable_Adv

i.LL_Get_Address
                0x1004c2a4       0x30
 i.LL_Get_Address
                0x1004c2a4       0x30 ..\..\..\..\..\..\Library\Bluetooth_LE\library\libbluenrg1_stack.a(rom_ll_ll_routines.o)
                0x1004c2a4                LL_Get_Address

i.LL_Get_AdvAddress
                0x1004c2d4       0x40
 i.LL_Get_AdvAddress
                0x1004c2d4       0x40 ..\..\..\..\..\..\Library\Bluetooth_LE\library\libbluenrg1_stack.a(rom_ll_ll_routines.o)
                0x1004c2d4                LL_Get_AdvAddress

i.LL_Get_ScanAddress
                0x1004c314       0x40
 i.LL_Get_ScanAddress
                0x1004c314       0x40 ..\..\..\..\..\..\Library\Bluetooth_LE\library\libbluenrg1_stack.a(rom_ll_ll_routines.o)
                0x1004c314                LL_Get_ScanAddress

i.LL_Init       0x1004c354      0x180
 i.LL_Init      0x1004c354      0x180 ..\..\..\..\..\..\Library\Bluetooth_LE\library\libbluenrg1_stack.a(rom_ll_ll_routines.o)
                0x1004c354                LL_Init

i.LL_Rcv_ACL_Data
                0x1004c4d4       0x30
 i.LL_Rcv_ACL_Data
                0x1004c4d4       0x30 ..\..\..\..\..\..\Library\Bluetooth_LE\library\libbluenrg1_stack.a(rom_ll_ll_routines.o)
                0x1004c4d4                LL_Rcv_ACL_Data

i.LL_Send_ACL_Data
                0x1004c504       0x54
 i.LL_Send_ACL_Data
                0x1004c504       0x54 ..\..\..\..\..\..\Library\Bluetooth_LE\library\libbluenrg1_stack.a(rom_ll_ll_routines.o)
                0x1004c504                LL_Send_ACL_Data

i.LL_Set_Adv_Data
                0x1004c558       0x74
 i.LL_Set_Adv_Data
                0x1004c558       0x74 ..\..\..\..\..\..\Library\Bluetooth_LE\library\libbluenrg1_stack.a(rom_ll_ll_routines.o)
                0x1004c558                LL_Set_Adv_Data

i.LL_Set_Adv_Params
                0x1004c5cc      0x2ec
 i.LL_Set_Adv_Params
                0x1004c5cc      0x2ec ..\..\..\..\..\..\Library\Bluetooth_LE\library\libbluenrg1_stack.a(rom_ll_ll_routines.o)
                0x1004c5cc                LL_Set_Adv_Params

i.LL_Set_Advertising_Buffers
                0x1004c8b8       0x88
 i.LL_Set_Advertising_Buffers
                0x1004c8b8       0x88 ..\..\..\..\..\..\Library\Bluetooth_LE\library\libbluenrg1_stack.a(rom_ll_ll_routines.o)
                0x1004c8b8                LL_Set_Advertising_Buffers

i.LL_Set_DirectAddress
                0x1004c940       0x64