system_bluenrg1.c:142:1:PKA_Handler	0	static
system_bluenrg1.c:141:1:DMA_Handler	0	static
system_bluenrg1.c:120:1:NMI_Handler	0	static
system_bluenrg1.c:121:1:HardFault_Handler	0	static
system_bluenrg1.c:122:1:SVC_Handler	0	static
system_bluenrg1.c:123:1:PendSV_Handler	0	static
system_bluenrg1.c:124:1:SysTick_Handler	0	static
system_bluenrg1.c:125:1:GPIO_Handler	0	static
system_bluenrg1.c:126:1:NVM_Handler	0	static
system_bluenrg1.c:127:1:UART_Handler	0	static
system_bluenrg1.c:128:1:SPI_Handler	0	static
system_bluenrg1.c:129:1:Blue_Handler	0	static
system_bluenrg1.c:132:1:MFT1A_Handler	0	static
system_bluenrg1.c:133:1:MFT1B_Handler	0	static
system_bluenrg1.c:134:1:MFT2A_Handler	0	static
system_bluenrg1.c:135:1:MFT2B_Handler	0	static
system_bluenrg1.c:136:1:RTC_Handler	0	static
system_bluenrg1.c:137:1:WDG_Handler	0	static
system_bluenrg1.c:138:1:ADC_Handler	0	static
system_bluenrg1.c:139:1:I2C2_Handler	0	static
system_bluenrg1.c:140:1:I2C1_Handler	0	static
system_bluenrg1.c:130:1:BATTERY_LOW_Handler	0	static
system_bluenrg1.c:131:1:ADV_Handler	0	static
system_bluenrg1.c:225:5:__low_level_init	8	static
system_bluenrg1.c:274:6:RESET_HANDLER	16	static
system_bluenrg1.c:549:6:DeviceConfiguration	48	static
system_bluenrg1.c:644:6:SystemInit	24	static
