BlueNRG1_adc.c:90:7:ADC_ConvertDifferentialVoltage	16	static
BlueNRG1_adc.c:110:7:ADC_ConvertSingleEndedVoltage	24	static
BlueNRG1_adc.c:135:7:ADC_ConvertBatterySensor	8	static
BlueNRG1_adc.c:146:7:ADC_ConvertTemperatureSensor	8	static
BlueNRG1_adc.c:150:7:ADC_ConvertTemperatureSensorFarenait	8	static
BlueNRG1_adc.c:169:6:ADC_DeInit	0	static
BlueNRG1_adc.c:181:6:ADC_StructInit	0	static
BlueNRG1_adc.c:207:6:ADC_Init	8	static
BlueNRG1_adc.c:251:6:ADC_Cmd	0	static
BlueNRG1_adc.c:276:6:ADC_DmaCmd	0	static
BlueNRG1_adc.c:297:6:ADC_Calibration	0	static
BlueNRG1_adc.c:318:6:ADC_AutoOffsetUpdate	0	static
BlueNRG1_adc.c:338:6:ADC_ThresholdCheck	0	static
BlueNRG1_adc.c:358:6:ADC_ThresholdConfig	0	static
BlueNRG1_adc.c:370:10:ADC_GetOffset	0	static
BlueNRG1_adc.c:384:6:ADC_SetOffset	0	static
BlueNRG1_adc.c:397:6:ADC_ConversionMode	0	static
BlueNRG1_adc.c:417:6:ADC_SelectFrequencyMic	0	static
BlueNRG1_adc.c:443:12:ADC_GetFlagStatus	0	static
BlueNRG1_adc.c:471:10:ADC_GetITStatus	0	static
BlueNRG1_adc.c:501:6:ADC_ITConfig	0	static
BlueNRG1_adc.c:531:7:ADC_GetConvertedData	8	static
